[2022-05-02T15:09:18.760+0800][gc,heap] Heap region size: 1M
[2022-05-02T15:09:18.763+0800][gc     ] Using G1
[2022-05-02T15:09:18.763+0800][gc,heap,coops] Heap address: 0x00000007e0000000, size: 512 MB, Compressed Oops mode: Zero based, Oop shift amount: 3
[2022-05-02T15:09:21.351+0800][gc,start     ] GC(0) Pause Young (Concurrent Start) (Metadata GC Threshold)
[2022-05-02T15:09:21.351+0800][gc,task      ] GC(0) Using 8 workers of 8 for evacuation
[2022-05-02T15:09:21.370+0800][gc,phases    ] GC(0)   Pre Evacuate Collection Set: 0.0ms
[2022-05-02T15:09:21.370+0800][gc,phases    ] GC(0)   Evacuate Collection Set: 18.2ms
[2022-05-02T15:09:21.370+0800][gc,phases    ] GC(0)   Post Evacuate Collection Set: 0.7ms
[2022-05-02T15:09:21.370+0800][gc,phases    ] GC(0)   Other: 0.7ms
[2022-05-02T15:09:21.370+0800][gc,heap      ] GC(0) Eden regions: 150->0(250)
[2022-05-02T15:09:21.370+0800][gc,heap      ] GC(0) Survivor regions: 0->6(32)
[2022-05-02T15:09:21.370+0800][gc,heap      ] GC(0) Old regions: 0->0
[2022-05-02T15:09:21.370+0800][gc,heap      ] GC(0) Humongous regions: 0->0
[2022-05-02T15:09:21.370+0800][gc,metaspace ] GC(0) Metaspace: 20790K->20790K(1069056K)
[2022-05-02T15:09:21.370+0800][gc           ] GC(0) Pause Young (Concurrent Start) (Metadata GC Threshold) 149M->5M(512M) 19.729ms
[2022-05-02T15:09:21.370+0800][gc,cpu       ] GC(0) User=0.04s Sys=0.02s Real=0.02s
[2022-05-02T15:09:21.371+0800][gc           ] GC(1) Concurrent Cycle
[2022-05-02T15:09:21.371+0800][gc,marking   ] GC(1) Concurrent Clear Claimed Marks
[2022-05-02T15:09:21.371+0800][gc,marking   ] GC(1) Concurrent Clear Claimed Marks 0.056ms
[2022-05-02T15:09:21.371+0800][gc,marking   ] GC(1) Concurrent Scan Root Regions
[2022-05-02T15:09:21.378+0800][gc,marking   ] GC(1) Concurrent Scan Root Regions 6.904ms
[2022-05-02T15:09:21.378+0800][gc,marking   ] GC(1) Concurrent Mark (2.628s)
[2022-05-02T15:09:21.379+0800][gc,marking   ] GC(1) Concurrent Mark From Roots
[2022-05-02T15:09:21.379+0800][gc,task      ] GC(1) Using 2 workers of 2 for marking
[2022-05-02T15:09:21.381+0800][gc,marking   ] GC(1) Concurrent Mark From Roots 2.180ms
[2022-05-02T15:09:21.381+0800][gc,marking   ] GC(1) Concurrent Preclean
[2022-05-02T15:09:21.381+0800][gc,marking   ] GC(1) Concurrent Preclean 0.030ms
[2022-05-02T15:09:21.381+0800][gc,marking   ] GC(1) Concurrent Mark (2.628s, 2.630s) 2.499ms
[2022-05-02T15:09:21.381+0800][gc,start     ] GC(1) Pause Remark
[2022-05-02T15:09:21.385+0800][gc,stringtable] GC(1) Cleaned string and symbol table, strings: 7546 processed, 0 removed, symbols: 65871 processed, 68 removed
[2022-05-02T15:09:21.386+0800][gc            ] GC(1) Pause Remark 6M->6M(512M) 4.449ms
[2022-05-02T15:09:21.386+0800][gc,cpu        ] GC(1) User=0.00s Sys=0.00s Real=0.00s
[2022-05-02T15:09:21.386+0800][gc,marking    ] GC(1) Concurrent Rebuild Remembered Sets
[2022-05-02T15:09:21.386+0800][gc,marking    ] GC(1) Concurrent Rebuild Remembered Sets 0.036ms
[2022-05-02T15:09:21.386+0800][gc,start      ] GC(1) Pause Cleanup
[2022-05-02T15:09:21.386+0800][gc            ] GC(1) Pause Cleanup 6M->6M(512M) 0.058ms
[2022-05-02T15:09:21.386+0800][gc,cpu        ] GC(1) User=0.00s Sys=0.00s Real=0.00s
[2022-05-02T15:09:21.386+0800][gc,marking    ] GC(1) Concurrent Cleanup for Next Mark
[2022-05-02T15:09:21.388+0800][gc,marking    ] GC(1) Concurrent Cleanup for Next Mark 1.603ms
[2022-05-02T15:09:21.388+0800][gc            ] GC(1) Concurrent Cycle 17.506ms
[2022-05-02T15:09:24.113+0800][gc,start      ] GC(2) Pause Young (Normal) (G1 Evacuation Pause)
[2022-05-02T15:09:24.113+0800][gc,task       ] GC(2) Using 8 workers of 8 for evacuation
[2022-05-02T15:09:24.150+0800][gc,phases     ] GC(2)   Pre Evacuate Collection Set: 0.0ms
[2022-05-02T15:09:24.150+0800][gc,phases     ] GC(2)   Evacuate Collection Set: 34.9ms
[2022-05-02T15:09:24.150+0800][gc,phases     ] GC(2)   Post Evacuate Collection Set: 1.2ms
[2022-05-02T15:09:24.150+0800][gc,phases     ] GC(2)   Other: 0.2ms
[2022-05-02T15:09:24.150+0800][gc,heap       ] GC(2) Eden regions: 250->0(244)
[2022-05-02T15:09:24.150+0800][gc,heap       ] GC(2) Survivor regions: 6->12(32)
[2022-05-02T15:09:24.150+0800][gc,heap       ] GC(2) Old regions: 0->0
[2022-05-02T15:09:24.150+0800][gc,heap       ] GC(2) Humongous regions: 0->0
[2022-05-02T15:09:24.150+0800][gc,metaspace  ] GC(2) Metaspace: 31643K->31643K(1079296K)
[2022-05-02T15:09:24.150+0800][gc            ] GC(2) Pause Young (Normal) (G1 Evacuation Pause) 255M->11M(512M) 36.360ms
[2022-05-02T15:09:24.150+0800][gc,cpu        ] GC(2) User=0.14s Sys=0.05s Real=0.04s
[2022-05-02T15:09:27.040+0800][gc,start      ] GC(3) Pause Young (Normal) (G1 Evacuation Pause)
[2022-05-02T15:09:27.040+0800][gc,task       ] GC(3) Using 8 workers of 8 for evacuation
[2022-05-02T15:09:27.062+0800][gc,phases     ] GC(3)   Pre Evacuate Collection Set: 0.0ms
[2022-05-02T15:09:27.062+0800][gc,phases     ] GC(3)   Evacuate Collection Set: 21.2ms
[2022-05-02T15:09:27.062+0800][gc,phases     ] GC(3)   Post Evacuate Collection Set: 0.6ms
[2022-05-02T15:09:27.062+0800][gc,phases     ] GC(3)   Other: 0.2ms
[2022-05-02T15:09:27.062+0800][gc,heap       ] GC(3) Eden regions: 244->0(241)
[2022-05-02T15:09:27.062+0800][gc,heap       ] GC(3) Survivor regions: 12->15(32)
[2022-05-02T15:09:27.062+0800][gc,heap       ] GC(3) Old regions: 0->0
[2022-05-02T15:09:27.062+0800][gc,heap       ] GC(3) Humongous regions: 0->0
[2022-05-02T15:09:27.062+0800][gc,metaspace  ] GC(3) Metaspace: 34045K->34045K(1081344K)
[2022-05-02T15:09:27.062+0800][gc            ] GC(3) Pause Young (Normal) (G1 Evacuation Pause) 255M->14M(512M) 22.146ms
[2022-05-02T15:09:27.062+0800][gc,cpu        ] GC(3) User=0.09s Sys=0.03s Real=0.02s
[2022-05-02T15:09:28.148+0800][gc,start      ] GC(4) Pause Young (Concurrent Start) (Metadata GC Threshold)
[2022-05-02T15:09:28.148+0800][gc,task       ] GC(4) Using 8 workers of 8 for evacuation
[2022-05-02T15:09:28.163+0800][gc,phases     ] GC(4)   Pre Evacuate Collection Set: 0.1ms
[2022-05-02T15:09:28.163+0800][gc,phases     ] GC(4)   Evacuate Collection Set: 14.4ms
[2022-05-02T15:09:28.163+0800][gc,phases     ] GC(4)   Post Evacuate Collection Set: 0.6ms
[2022-05-02T15:09:28.163+0800][gc,phases     ] GC(4)   Other: 0.2ms
[2022-05-02T15:09:28.163+0800][gc,heap       ] GC(4) Eden regions: 57->0(240)
[2022-05-02T15:09:28.163+0800][gc,heap       ] GC(4) Survivor regions: 15->16(32)
[2022-05-02T15:09:28.163+0800][gc,heap       ] GC(4) Old regions: 0->0
[2022-05-02T15:09:28.163+0800][gc,heap       ] GC(4) Humongous regions: 0->0
[2022-05-02T15:09:28.163+0800][gc,metaspace  ] GC(4) Metaspace: 34980K->34980K(1081344K)
[2022-05-02T15:09:28.163+0800][gc            ] GC(4) Pause Young (Concurrent Start) (Metadata GC Threshold) 71M->15M(512M) 15.317ms
[2022-05-02T15:09:28.163+0800][gc,cpu        ] GC(4) User=0.06s Sys=0.02s Real=0.02s
[2022-05-02T15:09:28.163+0800][gc            ] GC(5) Concurrent Cycle
[2022-05-02T15:09:28.163+0800][gc,marking    ] GC(5) Concurrent Clear Claimed Marks
[2022-05-02T15:09:28.163+0800][gc,marking    ] GC(5) Concurrent Clear Claimed Marks 0.078ms
[2022-05-02T15:09:28.163+0800][gc,marking    ] GC(5) Concurrent Scan Root Regions
[2022-05-02T15:09:28.167+0800][gc,marking    ] GC(5) Concurrent Scan Root Regions 4.096ms
[2022-05-02T15:09:28.167+0800][gc,marking    ] GC(5) Concurrent Mark (9.417s)
[2022-05-02T15:09:28.167+0800][gc,marking    ] GC(5) Concurrent Mark From Roots
[2022-05-02T15:09:28.167+0800][gc,task       ] GC(5) Using 2 workers of 2 for marking
[2022-05-02T15:09:28.167+0800][gc,marking    ] GC(5) Concurrent Mark From Roots 0.086ms
[2022-05-02T15:09:28.167+0800][gc,marking    ] GC(5) Concurrent Preclean
[2022-05-02T15:09:28.167+0800][gc,marking    ] GC(5) Concurrent Preclean 0.021ms
[2022-05-02T15:09:28.167+0800][gc,marking    ] GC(5) Concurrent Mark (9.417s, 9.417s) 0.130ms
[2022-05-02T15:09:28.168+0800][gc,start      ] GC(5) Pause Remark
[2022-05-02T15:09:28.172+0800][gc,stringtable] GC(5) Cleaned string and symbol table, strings: 15376 processed, 0 removed, symbols: 109711 processed, 320 removed
[2022-05-02T15:09:28.172+0800][gc            ] GC(5) Pause Remark 16M->16M(512M) 4.559ms
[2022-05-02T15:09:28.172+0800][gc,cpu        ] GC(5) User=0.01s Sys=0.00s Real=0.01s
[2022-05-02T15:09:28.172+0800][gc,marking    ] GC(5) Concurrent Rebuild Remembered Sets
[2022-05-02T15:09:28.172+0800][gc,marking    ] GC(5) Concurrent Rebuild Remembered Sets 0.027ms
[2022-05-02T15:09:28.173+0800][gc,start      ] GC(5) Pause Cleanup
[2022-05-02T15:09:28.173+0800][gc            ] GC(5) Pause Cleanup 16M->16M(512M) 0.073ms
[2022-05-02T15:09:28.173+0800][gc,cpu        ] GC(5) User=0.00s Sys=0.00s Real=0.00s
[2022-05-02T15:09:28.173+0800][gc,marking    ] GC(5) Concurrent Cleanup for Next Mark
[2022-05-02T15:09:28.174+0800][gc,marking    ] GC(5) Concurrent Cleanup for Next Mark 1.548ms
[2022-05-02T15:09:28.174+0800][gc            ] GC(5) Concurrent Cycle 11.318ms
[2022-05-02T15:09:32.656+0800][gc,start      ] GC(6) Pause Young (Normal) (G1 Evacuation Pause)
[2022-05-02T15:09:32.656+0800][gc,task       ] GC(6) Using 8 workers of 8 for evacuation
[2022-05-02T15:09:32.692+0800][gc,phases     ] GC(6)   Pre Evacuate Collection Set: 0.0ms
[2022-05-02T15:09:32.692+0800][gc,phases     ] GC(6)   Evacuate Collection Set: 34.8ms
[2022-05-02T15:09:32.692+0800][gc,phases     ] GC(6)   Post Evacuate Collection Set: 1.1ms
[2022-05-02T15:09:32.692+0800][gc,phases     ] GC(6)   Other: 0.1ms
[2022-05-02T15:09:32.692+0800][gc,heap       ] GC(6) Eden regions: 240->0(234)
[2022-05-02T15:09:32.692+0800][gc,heap       ] GC(6) Survivor regions: 16->22(32)
[2022-05-02T15:09:32.692+0800][gc,heap       ] GC(6) Old regions: 0->0
[2022-05-02T15:09:32.692+0800][gc,heap       ] GC(6) Humongous regions: 0->0
[2022-05-02T15:09:32.692+0800][gc,metaspace  ] GC(6) Metaspace: 45069K->45069K(1089536K)
[2022-05-02T15:09:32.692+0800][gc            ] GC(6) Pause Young (Normal) (G1 Evacuation Pause) 255M->21M(512M) 36.147ms
[2022-05-02T15:09:32.692+0800][gc,cpu        ] GC(6) User=0.14s Sys=0.05s Real=0.04s
[2022-05-02T15:09:37.367+0800][gc,start      ] GC(7) Pause Young (Concurrent Start) (Metadata GC Threshold)
[2022-05-02T15:09:37.368+0800][gc,task       ] GC(7) Using 8 workers of 8 for evacuation
[2022-05-02T15:09:37.417+0800][gc,phases     ] GC(7)   Pre Evacuate Collection Set: 0.1ms
[2022-05-02T15:09:37.417+0800][gc,phases     ] GC(7)   Evacuate Collection Set: 48.1ms
[2022-05-02T15:09:37.417+0800][gc,phases     ] GC(7)   Post Evacuate Collection Set: 1.4ms
[2022-05-02T15:09:37.417+0800][gc,phases     ] GC(7)   Other: 0.4ms
[2022-05-02T15:09:37.417+0800][gc,heap       ] GC(7) Eden regions: 227->0(233)
[2022-05-02T15:09:37.417+0800][gc,heap       ] GC(7) Survivor regions: 22->23(32)
[2022-05-02T15:09:37.417+0800][gc,heap       ] GC(7) Old regions: 0->6
[2022-05-02T15:09:37.417+0800][gc,heap       ] GC(7) Humongous regions: 0->0
[2022-05-02T15:09:37.417+0800][gc,metaspace  ] GC(7) Metaspace: 58675K->58675K(1101824K)
[2022-05-02T15:09:37.417+0800][gc            ] GC(7) Pause Young (Concurrent Start) (Metadata GC Threshold) 247M->28M(512M) 50.069ms
[2022-05-02T15:09:37.417+0800][gc,cpu        ] GC(7) User=0.20s Sys=0.07s Real=0.05s
[2022-05-02T15:09:37.417+0800][gc            ] GC(8) Concurrent Cycle
[2022-05-02T15:09:37.417+0800][gc,marking    ] GC(8) Concurrent Clear Claimed Marks
[2022-05-02T15:09:37.417+0800][gc,marking    ] GC(8) Concurrent Clear Claimed Marks 0.114ms
[2022-05-02T15:09:37.418+0800][gc,marking    ] GC(8) Concurrent Scan Root Regions
[2022-05-02T15:09:37.424+0800][gc,marking    ] GC(8) Concurrent Scan Root Regions 6.168ms
[2022-05-02T15:09:37.424+0800][gc,marking    ] GC(8) Concurrent Mark (18.673s)
[2022-05-02T15:09:37.424+0800][gc,marking    ] GC(8) Concurrent Mark From Roots
[2022-05-02T15:09:37.424+0800][gc,task       ] GC(8) Using 2 workers of 2 for marking
[2022-05-02T15:09:37.428+0800][gc,marking    ] GC(8) Concurrent Mark From Roots 4.436ms
[2022-05-02T15:09:37.428+0800][gc,marking    ] GC(8) Concurrent Preclean
[2022-05-02T15:09:37.428+0800][gc,marking    ] GC(8) Concurrent Preclean 0.028ms
[2022-05-02T15:09:37.428+0800][gc,marking    ] GC(8) Concurrent Mark (18.673s, 18.678s) 4.518ms
[2022-05-02T15:09:37.429+0800][gc,start      ] GC(8) Pause Remark
[2022-05-02T15:09:37.435+0800][gc,stringtable] GC(8) Cleaned string and symbol table, strings: 30115 processed, 0 removed, symbols: 171433 processed, 342 removed
[2022-05-02T15:09:37.435+0800][gc            ] GC(8) Pause Remark 29M->29M(512M) 6.616ms
[2022-05-02T15:09:37.435+0800][gc,cpu        ] GC(8) User=0.02s Sys=0.01s Real=0.01s
[2022-05-02T15:09:37.435+0800][gc,marking    ] GC(8) Concurrent Rebuild Remembered Sets
[2022-05-02T15:09:37.438+0800][gc,marking    ] GC(8) Concurrent Rebuild Remembered Sets 2.334ms
[2022-05-02T15:09:37.438+0800][gc,start      ] GC(8) Pause Cleanup
[2022-05-02T15:09:37.438+0800][gc            ] GC(8) Pause Cleanup 29M->29M(512M) 0.097ms
[2022-05-02T15:09:37.438+0800][gc,cpu        ] GC(8) User=0.00s Sys=0.00s Real=0.00s
[2022-05-02T15:09:37.438+0800][gc,marking    ] GC(8) Concurrent Cleanup for Next Mark
[2022-05-02T15:09:37.443+0800][gc,marking    ] GC(8) Concurrent Cleanup for Next Mark 4.185ms
[2022-05-02T15:09:37.443+0800][gc            ] GC(8) Concurrent Cycle 25.324ms
[2022-05-02T15:09:41.673+0800][gc,start      ] GC(9) Pause Young (Normal) (G1 Evacuation Pause)
[2022-05-02T15:09:41.673+0800][gc,task       ] GC(9) Using 8 workers of 8 for evacuation
[2022-05-02T15:09:41.700+0800][gc,phases     ] GC(9)   Pre Evacuate Collection Set: 0.0ms
[2022-05-02T15:09:41.700+0800][gc,phases     ] GC(9)   Evacuate Collection Set: 25.8ms
[2022-05-02T15:09:41.700+0800][gc,phases     ] GC(9)   Post Evacuate Collection Set: 1.1ms
[2022-05-02T15:09:41.700+0800][gc,phases     ] GC(9)   Other: 0.2ms
[2022-05-02T15:09:41.700+0800][gc,heap       ] GC(9) Eden regions: 233->0(231)
[2022-05-02T15:09:41.700+0800][gc,heap       ] GC(9) Survivor regions: 23->25(32)
[2022-05-02T15:09:41.700+0800][gc,heap       ] GC(9) Old regions: 6->13
[2022-05-02T15:09:41.700+0800][gc,heap       ] GC(9) Humongous regions: 5->5
[2022-05-02T15:09:41.700+0800][gc,metaspace  ] GC(9) Metaspace: 69125K->69125K(1112064K)
[2022-05-02T15:09:41.700+0800][gc            ] GC(9) Pause Young (Normal) (G1 Evacuation Pause) 266M->42M(512M) 27.164ms
[2022-05-02T15:09:41.700+0800][gc,cpu        ] GC(9) User=0.14s Sys=0.03s Real=0.03s
[2022-05-02T15:32:41.735+0800][gc,heap,exit  ] Heap
[2022-05-02T15:32:41.735+0800][gc,heap,exit  ]  garbage-first heap   total 524288K, used 163547K [0x00000007e0000000, 0x0000000800000000)
[2022-05-02T15:32:41.735+0800][gc,heap,exit  ]   region size 1024K, 143 young (146432K), 25 survivors (25600K)
[2022-05-02T15:32:41.735+0800][gc,heap,exit  ]  Metaspace       used 72151K, capacity 74262K, committed 74632K, reserved 1114112K
[2022-05-02T15:32:41.735+0800][gc,heap,exit  ]   class space    used 8476K, capacity 9484K, committed 9600K, reserved 1048576K
