[2022-05-04T16:32:10.208+0800][gc,heap] Heap region size: 1M
[2022-05-04T16:32:10.212+0800][gc     ] Using G1
[2022-05-04T16:32:10.212+0800][gc,heap,coops] Heap address: 0x00000007e0000000, size: 512 MB, Compressed Oops mode: Zero based, Oop shift amount: 3
[2022-05-04T16:32:12.773+0800][gc,start     ] GC(0) Pause Young (Concurrent Start) (Metadata GC Threshold)
[2022-05-04T16:32:12.774+0800][gc,task      ] GC(0) Using 8 workers of 8 for evacuation
[2022-05-04T16:32:12.792+0800][gc,phases    ] GC(0)   Pre Evacuate Collection Set: 0.0ms
[2022-05-04T16:32:12.793+0800][gc,phases    ] GC(0)   Evacuate Collection Set: 17.1ms
[2022-05-04T16:32:12.793+0800][gc,phases    ] GC(0)   Post Evacuate Collection Set: 1.2ms
[2022-05-04T16:32:12.793+0800][gc,phases    ] GC(0)   Other: 0.9ms
[2022-05-04T16:32:12.793+0800][gc,heap      ] GC(0) Eden regions: 150->0(250)
[2022-05-04T16:32:12.793+0800][gc,heap      ] GC(0) Survivor regions: 0->6(32)
[2022-05-04T16:32:12.793+0800][gc,heap      ] GC(0) Old regions: 0->0
[2022-05-04T16:32:12.793+0800][gc,heap      ] GC(0) Humongous regions: 0->0
[2022-05-04T16:32:12.793+0800][gc,metaspace ] GC(0) Metaspace: 20822K->20822K(1069056K)
[2022-05-04T16:32:12.793+0800][gc           ] GC(0) Pause Young (Concurrent Start) (Metadata GC Threshold) 150M->5M(512M) 19.391ms
[2022-05-04T16:32:12.793+0800][gc,cpu       ] GC(0) User=0.04s Sys=0.03s Real=0.02s
[2022-05-04T16:32:12.793+0800][gc           ] GC(1) Concurrent Cycle
[2022-05-04T16:32:12.793+0800][gc,marking   ] GC(1) Concurrent Clear Claimed Marks
[2022-05-04T16:32:12.793+0800][gc,marking   ] GC(1) Concurrent Clear Claimed Marks 0.065ms
[2022-05-04T16:32:12.793+0800][gc,marking   ] GC(1) Concurrent Scan Root Regions
[2022-05-04T16:32:12.795+0800][gc,marking   ] GC(1) Concurrent Scan Root Regions 1.781ms
[2022-05-04T16:32:12.795+0800][gc,marking   ] GC(1) Concurrent Mark (2.596s)
[2022-05-04T16:32:12.795+0800][gc,marking   ] GC(1) Concurrent Mark From Roots
[2022-05-04T16:32:12.796+0800][gc,task      ] GC(1) Using 2 workers of 2 for marking
[2022-05-04T16:32:12.802+0800][gc,marking   ] GC(1) Concurrent Mark From Roots 6.360ms
[2022-05-04T16:32:12.802+0800][gc,marking   ] GC(1) Concurrent Preclean
[2022-05-04T16:32:12.802+0800][gc,marking   ] GC(1) Concurrent Preclean 0.029ms
[2022-05-04T16:32:12.802+0800][gc,marking   ] GC(1) Concurrent Mark (2.596s, 2.603s) 6.453ms
[2022-05-04T16:32:12.802+0800][gc,start     ] GC(1) Pause Remark
[2022-05-04T16:32:12.807+0800][gc,stringtable] GC(1) Cleaned string and symbol table, strings: 7571 processed, 0 removed, symbols: 65905 processed, 68 removed
[2022-05-04T16:32:12.807+0800][gc            ] GC(1) Pause Remark 6M->6M(512M) 4.766ms
[2022-05-04T16:32:12.807+0800][gc,cpu        ] GC(1) User=0.00s Sys=0.00s Real=0.00s
[2022-05-04T16:32:12.807+0800][gc,marking    ] GC(1) Concurrent Rebuild Remembered Sets
[2022-05-04T16:32:12.807+0800][gc,marking    ] GC(1) Concurrent Rebuild Remembered Sets 0.023ms
[2022-05-04T16:32:12.808+0800][gc,start      ] GC(1) Pause Cleanup
[2022-05-04T16:32:12.808+0800][gc            ] GC(1) Pause Cleanup 6M->6M(512M) 0.069ms
[2022-05-04T16:32:12.808+0800][gc,cpu        ] GC(1) User=0.00s Sys=0.00s Real=0.00s
[2022-05-04T16:32:12.808+0800][gc,marking    ] GC(1) Concurrent Cleanup for Next Mark
[2022-05-04T16:32:12.810+0800][gc,marking    ] GC(1) Concurrent Cleanup for Next Mark 1.907ms
[2022-05-04T16:32:12.815+0800][gc            ] GC(1) Concurrent Cycle 21.669ms
[2022-05-04T16:32:14.783+0800][gc,start      ] GC(2) Pause Young (Normal) (G1 Evacuation Pause)
[2022-05-04T16:32:14.783+0800][gc,task       ] GC(2) Using 8 workers of 8 for evacuation
[2022-05-04T16:32:14.813+0800][gc,phases     ] GC(2)   Pre Evacuate Collection Set: 0.0ms
[2022-05-04T16:32:14.813+0800][gc,phases     ] GC(2)   Evacuate Collection Set: 29.3ms
[2022-05-04T16:32:14.813+0800][gc,phases     ] GC(2)   Post Evacuate Collection Set: 1.3ms
[2022-05-04T16:32:14.813+0800][gc,phases     ] GC(2)   Other: 0.2ms
[2022-05-04T16:32:14.813+0800][gc,heap       ] GC(2) Eden regions: 250->0(246)
[2022-05-04T16:32:14.813+0800][gc,heap       ] GC(2) Survivor regions: 6->10(32)
[2022-05-04T16:32:14.813+0800][gc,heap       ] GC(2) Old regions: 0->0
[2022-05-04T16:32:14.813+0800][gc,heap       ] GC(2) Humongous regions: 0->0
[2022-05-04T16:32:14.813+0800][gc,metaspace  ] GC(2) Metaspace: 30219K->30219K(1077248K)
[2022-05-04T16:32:14.813+0800][gc            ] GC(2) Pause Young (Normal) (G1 Evacuation Pause) 255M->9M(512M) 30.923ms
[2022-05-04T16:32:14.813+0800][gc,cpu        ] GC(2) User=0.13s Sys=0.04s Real=0.03s
[2022-05-04T16:32:17.789+0800][gc,start      ] GC(3) Pause Young (Normal) (G1 Evacuation Pause)
[2022-05-04T16:32:17.789+0800][gc,task       ] GC(3) Using 8 workers of 8 for evacuation
[2022-05-04T16:32:17.917+0800][gc,phases     ] GC(3)   Pre Evacuate Collection Set: 0.0ms
[2022-05-04T16:32:17.917+0800][gc,phases     ] GC(3)   Evacuate Collection Set: 126.6ms
[2022-05-04T16:32:17.917+0800][gc,phases     ] GC(3)   Post Evacuate Collection Set: 1.7ms
[2022-05-04T16:32:17.917+0800][gc,phases     ] GC(3)   Other: 0.3ms
[2022-05-04T16:32:17.917+0800][gc,heap       ] GC(3) Eden regions: 246->0(242)
[2022-05-04T16:32:17.917+0800][gc,heap       ] GC(3) Survivor regions: 10->14(32)
[2022-05-04T16:32:17.917+0800][gc,heap       ] GC(3) Old regions: 0->0
[2022-05-04T16:32:17.917+0800][gc,heap       ] GC(3) Humongous regions: 0->0
[2022-05-04T16:32:17.917+0800][gc,metaspace  ] GC(3) Metaspace: 33575K->33575K(1079296K)
[2022-05-04T16:32:17.917+0800][gc            ] GC(3) Pause Young (Normal) (G1 Evacuation Pause) 255M->13M(512M) 128.743ms
[2022-05-04T16:32:17.918+0800][gc,cpu        ] GC(3) User=0.06s Sys=0.03s Real=0.13s
[2022-05-04T16:32:20.409+0800][gc,start      ] GC(4) Pause Young (Concurrent Start) (Metadata GC Threshold)
[2022-05-04T16:32:20.409+0800][gc,task       ] GC(4) Using 8 workers of 8 for evacuation
[2022-05-04T16:32:20.428+0800][gc,phases     ] GC(4)   Pre Evacuate Collection Set: 0.1ms
[2022-05-04T16:32:20.428+0800][gc,phases     ] GC(4)   Evacuate Collection Set: 17.4ms
[2022-05-04T16:32:20.428+0800][gc,phases     ] GC(4)   Post Evacuate Collection Set: 0.7ms
[2022-05-04T16:32:20.428+0800][gc,phases     ] GC(4)   Other: 0.2ms
[2022-05-04T16:32:20.428+0800][gc,heap       ] GC(4) Eden regions: 134->0(240)
[2022-05-04T16:32:20.428+0800][gc,heap       ] GC(4) Survivor regions: 14->16(32)
[2022-05-04T16:32:20.428+0800][gc,heap       ] GC(4) Old regions: 0->0
[2022-05-04T16:32:20.428+0800][gc,heap       ] GC(4) Humongous regions: 0->0
[2022-05-04T16:32:20.428+0800][gc,metaspace  ] GC(4) Metaspace: 34974K->34974K(1081344K)
[2022-05-04T16:32:20.428+0800][gc            ] GC(4) Pause Young (Concurrent Start) (Metadata GC Threshold) 147M->15M(512M) 18.467ms
[2022-05-04T16:32:20.428+0800][gc,cpu        ] GC(4) User=0.06s Sys=0.03s Real=0.02s
[2022-05-04T16:32:20.428+0800][gc            ] GC(5) Concurrent Cycle
[2022-05-04T16:32:20.428+0800][gc,marking    ] GC(5) Concurrent Clear Claimed Marks
[2022-05-04T16:32:20.428+0800][gc,marking    ] GC(5) Concurrent Clear Claimed Marks 0.075ms
[2022-05-04T16:32:20.428+0800][gc,marking    ] GC(5) Concurrent Scan Root Regions
[2022-05-04T16:32:20.432+0800][gc,marking    ] GC(5) Concurrent Scan Root Regions 4.071ms
[2022-05-04T16:32:20.432+0800][gc,marking    ] GC(5) Concurrent Mark (10.233s)
[2022-05-04T16:32:20.432+0800][gc,marking    ] GC(5) Concurrent Mark From Roots
[2022-05-04T16:32:20.432+0800][gc,task       ] GC(5) Using 2 workers of 2 for marking
[2022-05-04T16:32:20.432+0800][gc,marking    ] GC(5) Concurrent Mark From Roots 0.174ms
[2022-05-04T16:32:20.435+0800][gc,marking    ] GC(5) Concurrent Preclean
[2022-05-04T16:32:20.435+0800][gc,marking    ] GC(5) Concurrent Preclean 0.030ms
[2022-05-04T16:32:20.435+0800][gc,marking    ] GC(5) Concurrent Mark (10.233s, 10.236s) 3.175ms
[2022-05-04T16:32:20.436+0800][gc,start      ] GC(5) Pause Remark
[2022-05-04T16:32:20.440+0800][gc,stringtable] GC(5) Cleaned string and symbol table, strings: 15381 processed, 0 removed, symbols: 109713 processed, 321 removed
[2022-05-04T16:32:20.440+0800][gc            ] GC(5) Pause Remark 16M->16M(512M) 4.607ms
[2022-05-04T16:32:20.440+0800][gc,cpu        ] GC(5) User=0.01s Sys=0.00s Real=0.01s
[2022-05-04T16:32:20.440+0800][gc,marking    ] GC(5) Concurrent Rebuild Remembered Sets
[2022-05-04T16:32:20.440+0800][gc,marking    ] GC(5) Concurrent Rebuild Remembered Sets 0.034ms
[2022-05-04T16:32:20.441+0800][gc,start      ] GC(5) Pause Cleanup
[2022-05-04T16:32:20.441+0800][gc            ] GC(5) Pause Cleanup 16M->16M(512M) 0.094ms
[2022-05-04T16:32:20.441+0800][gc,cpu        ] GC(5) User=0.00s Sys=0.00s Real=0.00s
[2022-05-04T16:32:20.441+0800][gc,marking    ] GC(5) Concurrent Cleanup for Next Mark
[2022-05-04T16:32:20.443+0800][gc,marking    ] GC(5) Concurrent Cleanup for Next Mark 1.743ms
[2022-05-04T16:32:20.443+0800][gc            ] GC(5) Concurrent Cycle 14.924ms
[2022-05-04T16:32:22.708+0800][gc,heap,exit  ] Heap
[2022-05-04T16:32:22.708+0800][gc,heap,exit  ]  garbage-first heap   total 524288K, used 130913K [0x00000007e0000000, 0x0000000800000000)
[2022-05-04T16:32:22.708+0800][gc,heap,exit  ]   region size 1024K, 129 young (132096K), 16 survivors (16384K)
[2022-05-04T16:32:22.708+0800][gc,heap,exit  ]  Metaspace       used 38806K, capacity 39762K, committed 40016K, reserved 1085440K
[2022-05-04T16:32:22.708+0800][gc,heap,exit  ]   class space    used 4430K, capacity 4748K, committed 4864K, reserved 1048576K
