[2022-05-03T14:23:22.658+0800][gc,heap] Heap region size: 1M
[2022-05-03T14:23:22.662+0800][gc     ] Using G1
[2022-05-03T14:23:22.662+0800][gc,heap,coops] Heap address: 0x00000007e0000000, size: 512 MB, Compressed Oops mode: Zero based, Oop shift amount: 3
[2022-05-03T14:23:25.379+0800][gc,start     ] GC(0) Pause Young (Concurrent Start) (Metadata GC Threshold)
[2022-05-03T14:23:25.379+0800][gc,task      ] GC(0) Using 8 workers of 8 for evacuation
[2022-05-03T14:23:25.395+0800][gc,phases    ] GC(0)   Pre Evacuate Collection Set: 0.0ms
[2022-05-03T14:23:25.395+0800][gc,phases    ] GC(0)   Evacuate Collection Set: 14.5ms
[2022-05-03T14:23:25.395+0800][gc,phases    ] GC(0)   Post Evacuate Collection Set: 0.7ms
[2022-05-03T14:23:25.395+0800][gc,phases    ] GC(0)   Other: 0.7ms
[2022-05-03T14:23:25.395+0800][gc,heap      ] GC(0) Eden regions: 149->0(250)
[2022-05-03T14:23:25.395+0800][gc,heap      ] GC(0) Survivor regions: 0->6(32)
[2022-05-03T14:23:25.395+0800][gc,heap      ] GC(0) Old regions: 0->0
[2022-05-03T14:23:25.395+0800][gc,heap      ] GC(0) Humongous regions: 0->0
[2022-05-03T14:23:25.395+0800][gc,metaspace ] GC(0) Metaspace: 20736K->20736K(1069056K)
[2022-05-03T14:23:25.395+0800][gc           ] GC(0) Pause Young (Concurrent Start) (Metadata GC Threshold) 149M->5M(512M) 16.053ms
[2022-05-03T14:23:25.395+0800][gc,cpu       ] GC(0) User=0.05s Sys=0.02s Real=0.02s
[2022-05-03T14:23:25.395+0800][gc           ] GC(1) Concurrent Cycle
[2022-05-03T14:23:25.395+0800][gc,marking   ] GC(1) Concurrent Clear Claimed Marks
[2022-05-03T14:23:25.396+0800][gc,marking   ] GC(1) Concurrent Clear Claimed Marks 0.080ms
[2022-05-03T14:23:25.396+0800][gc,marking   ] GC(1) Concurrent Scan Root Regions
[2022-05-03T14:23:25.398+0800][gc,marking   ] GC(1) Concurrent Scan Root Regions 2.585ms
[2022-05-03T14:23:25.398+0800][gc,marking   ] GC(1) Concurrent Mark (2.750s)
[2022-05-03T14:23:25.400+0800][gc,marking   ] GC(1) Concurrent Mark From Roots
[2022-05-03T14:23:25.400+0800][gc,task      ] GC(1) Using 2 workers of 2 for marking
[2022-05-03T14:23:25.400+0800][gc,marking   ] GC(1) Concurrent Mark From Roots 0.101ms
[2022-05-03T14:23:25.400+0800][gc,marking   ] GC(1) Concurrent Preclean
[2022-05-03T14:23:25.401+0800][gc,marking   ] GC(1) Concurrent Preclean 1.046ms
[2022-05-03T14:23:25.401+0800][gc,marking   ] GC(1) Concurrent Mark (2.750s, 2.752s) 2.782ms
[2022-05-03T14:23:25.402+0800][gc,start     ] GC(1) Pause Remark
[2022-05-03T14:23:25.405+0800][gc,stringtable] GC(1) Cleaned string and symbol table, strings: 7548 processed, 0 removed, symbols: 65592 processed, 68 removed
[2022-05-03T14:23:25.405+0800][gc            ] GC(1) Pause Remark 6M->6M(512M) 3.581ms
[2022-05-03T14:23:25.405+0800][gc,cpu        ] GC(1) User=0.00s Sys=0.01s Real=0.00s
[2022-05-03T14:23:25.405+0800][gc,marking    ] GC(1) Concurrent Rebuild Remembered Sets
[2022-05-03T14:23:25.405+0800][gc,marking    ] GC(1) Concurrent Rebuild Remembered Sets 0.022ms
[2022-05-03T14:23:25.406+0800][gc,start      ] GC(1) Pause Cleanup
[2022-05-03T14:23:25.406+0800][gc            ] GC(1) Pause Cleanup 6M->6M(512M) 0.062ms
[2022-05-03T14:23:25.406+0800][gc,cpu        ] GC(1) User=0.00s Sys=0.00s Real=0.00s
[2022-05-03T14:23:25.406+0800][gc,marking    ] GC(1) Concurrent Cleanup for Next Mark
[2022-05-03T14:23:25.408+0800][gc,marking    ] GC(1) Concurrent Cleanup for Next Mark 1.613ms
[2022-05-03T14:23:25.408+0800][gc            ] GC(1) Concurrent Cycle 12.479ms
[2022-05-03T14:23:28.145+0800][gc,start      ] GC(2) Pause Young (Normal) (G1 Evacuation Pause)
[2022-05-03T14:23:28.145+0800][gc,task       ] GC(2) Using 8 workers of 8 for evacuation
[2022-05-03T14:23:28.175+0800][gc,phases     ] GC(2)   Pre Evacuate Collection Set: 0.0ms
[2022-05-03T14:23:28.175+0800][gc,phases     ] GC(2)   Evacuate Collection Set: 29.3ms
[2022-05-03T14:23:28.175+0800][gc,phases     ] GC(2)   Post Evacuate Collection Set: 1.0ms
[2022-05-03T14:23:28.175+0800][gc,phases     ] GC(2)   Other: 0.2ms
[2022-05-03T14:23:28.175+0800][gc,heap       ] GC(2) Eden regions: 250->0(245)
[2022-05-03T14:23:28.175+0800][gc,heap       ] GC(2) Survivor regions: 6->11(32)
[2022-05-03T14:23:28.175+0800][gc,heap       ] GC(2) Old regions: 0->0
[2022-05-03T14:23:28.175+0800][gc,heap       ] GC(2) Humongous regions: 0->0
[2022-05-03T14:23:28.176+0800][gc,metaspace  ] GC(2) Metaspace: 31585K->31585K(1079296K)
[2022-05-03T14:23:28.176+0800][gc            ] GC(2) Pause Young (Normal) (G1 Evacuation Pause) 255M->10M(512M) 30.610ms
[2022-05-03T14:23:28.176+0800][gc,cpu        ] GC(2) User=0.11s Sys=0.04s Real=0.03s
[2022-05-03T14:23:31.003+0800][gc,start      ] GC(3) Pause Young (Normal) (G1 Evacuation Pause)
[2022-05-03T14:23:31.003+0800][gc,task       ] GC(3) Using 8 workers of 8 for evacuation
[2022-05-03T14:23:31.021+0800][gc,phases     ] GC(3)   Pre Evacuate Collection Set: 0.0ms
[2022-05-03T14:23:31.021+0800][gc,phases     ] GC(3)   Evacuate Collection Set: 16.6ms
[2022-05-03T14:23:31.021+0800][gc,phases     ] GC(3)   Post Evacuate Collection Set: 0.6ms
[2022-05-03T14:23:31.021+0800][gc,phases     ] GC(3)   Other: 0.3ms
[2022-05-03T14:23:31.021+0800][gc,heap       ] GC(3) Eden regions: 245->0(242)
[2022-05-03T14:23:31.021+0800][gc,heap       ] GC(3) Survivor regions: 11->14(32)
[2022-05-03T14:23:31.021+0800][gc,heap       ] GC(3) Old regions: 0->0
[2022-05-03T14:23:31.021+0800][gc,heap       ] GC(3) Humongous regions: 0->0
[2022-05-03T14:23:31.021+0800][gc,metaspace  ] GC(3) Metaspace: 33818K->33818K(1079296K)
[2022-05-03T14:23:31.021+0800][gc            ] GC(3) Pause Young (Normal) (G1 Evacuation Pause) 255M->13M(512M) 17.699ms
[2022-05-03T14:23:31.021+0800][gc,cpu        ] GC(3) User=0.06s Sys=0.03s Real=0.02s
[2022-05-03T14:23:32.393+0800][gc,start      ] GC(4) Pause Young (Concurrent Start) (Metadata GC Threshold)
[2022-05-03T14:23:32.393+0800][gc,task       ] GC(4) Using 8 workers of 8 for evacuation
[2022-05-03T14:23:32.412+0800][gc,phases     ] GC(4)   Pre Evacuate Collection Set: 0.1ms
[2022-05-03T14:23:32.412+0800][gc,phases     ] GC(4)   Evacuate Collection Set: 17.6ms
[2022-05-03T14:23:32.412+0800][gc,phases     ] GC(4)   Post Evacuate Collection Set: 0.7ms
[2022-05-03T14:23:32.412+0800][gc,phases     ] GC(4)   Other: 0.2ms
[2022-05-03T14:23:32.412+0800][gc,heap       ] GC(4) Eden regions: 78->0(240)
[2022-05-03T14:23:32.412+0800][gc,heap       ] GC(4) Survivor regions: 14->16(32)
[2022-05-03T14:23:32.412+0800][gc,heap       ] GC(4) Old regions: 0->0
[2022-05-03T14:23:32.412+0800][gc,heap       ] GC(4) Humongous regions: 0->0
[2022-05-03T14:23:32.412+0800][gc,metaspace  ] GC(4) Metaspace: 34879K->34879K(1081344K)
[2022-05-03T14:23:32.412+0800][gc            ] GC(4) Pause Young (Concurrent Start) (Metadata GC Threshold) 91M->15M(512M) 18.601ms
[2022-05-03T14:23:32.412+0800][gc,cpu        ] GC(4) User=0.07s Sys=0.03s Real=0.02s
[2022-05-03T14:23:32.412+0800][gc            ] GC(5) Concurrent Cycle
[2022-05-03T14:23:32.412+0800][gc,marking    ] GC(5) Concurrent Clear Claimed Marks
[2022-05-03T14:23:32.412+0800][gc,marking    ] GC(5) Concurrent Clear Claimed Marks 0.078ms
[2022-05-03T14:23:32.412+0800][gc,marking    ] GC(5) Concurrent Scan Root Regions
[2022-05-03T14:23:32.416+0800][gc,marking    ] GC(5) Concurrent Scan Root Regions 3.974ms
[2022-05-03T14:23:32.416+0800][gc,marking    ] GC(5) Concurrent Mark (9.767s)
[2022-05-03T14:23:32.416+0800][gc,marking    ] GC(5) Concurrent Mark From Roots
[2022-05-03T14:23:32.416+0800][gc,task       ] GC(5) Using 2 workers of 2 for marking
[2022-05-03T14:23:32.416+0800][gc,marking    ] GC(5) Concurrent Mark From Roots 0.096ms
[2022-05-03T14:23:32.416+0800][gc,marking    ] GC(5) Concurrent Preclean
[2022-05-03T14:23:32.416+0800][gc,marking    ] GC(5) Concurrent Preclean 0.023ms
[2022-05-03T14:23:32.416+0800][gc,marking    ] GC(5) Concurrent Mark (9.767s, 9.767s) 0.165ms
[2022-05-03T14:23:32.416+0800][gc,start      ] GC(5) Pause Remark
[2022-05-03T14:23:32.421+0800][gc,stringtable] GC(5) Cleaned string and symbol table, strings: 15428 processed, 0 removed, symbols: 109263 processed, 322 removed
[2022-05-03T14:23:32.422+0800][gc            ] GC(5) Pause Remark 16M->16M(512M) 5.106ms
[2022-05-03T14:23:32.422+0800][gc,cpu        ] GC(5) User=0.01s Sys=0.00s Real=0.01s
[2022-05-03T14:23:32.422+0800][gc,marking    ] GC(5) Concurrent Rebuild Remembered Sets
[2022-05-03T14:23:32.422+0800][gc,marking    ] GC(5) Concurrent Rebuild Remembered Sets 0.024ms
[2022-05-03T14:23:32.422+0800][gc,start      ] GC(5) Pause Cleanup
[2022-05-03T14:23:32.422+0800][gc            ] GC(5) Pause Cleanup 16M->16M(512M) 0.067ms
[2022-05-03T14:23:32.422+0800][gc,cpu        ] GC(5) User=0.00s Sys=0.00s Real=0.00s
[2022-05-03T14:23:32.422+0800][gc,marking    ] GC(5) Concurrent Cleanup for Next Mark
[2022-05-03T14:23:32.424+0800][gc,marking    ] GC(5) Concurrent Cleanup for Next Mark 1.480ms
[2022-05-03T14:23:32.424+0800][gc            ] GC(5) Concurrent Cycle 11.848ms
[2022-05-03T14:23:37.127+0800][gc,start      ] GC(6) Pause Young (Normal) (G1 Evacuation Pause)
[2022-05-03T14:23:37.127+0800][gc,task       ] GC(6) Using 8 workers of 8 for evacuation
[2022-05-03T14:23:37.162+0800][gc,phases     ] GC(6)   Pre Evacuate Collection Set: 0.0ms
[2022-05-03T14:23:37.162+0800][gc,phases     ] GC(6)   Evacuate Collection Set: 33.9ms
[2022-05-03T14:23:37.162+0800][gc,phases     ] GC(6)   Post Evacuate Collection Set: 1.2ms
[2022-05-03T14:23:37.162+0800][gc,phases     ] GC(6)   Other: 0.3ms
[2022-05-03T14:23:37.162+0800][gc,heap       ] GC(6) Eden regions: 240->0(235)
[2022-05-03T14:23:37.162+0800][gc,heap       ] GC(6) Survivor regions: 16->21(32)
[2022-05-03T14:23:37.162+0800][gc,heap       ] GC(6) Old regions: 0->0
[2022-05-03T14:23:37.162+0800][gc,heap       ] GC(6) Humongous regions: 0->0
[2022-05-03T14:23:37.162+0800][gc,metaspace  ] GC(6) Metaspace: 45194K->45194K(1089536K)
[2022-05-03T14:23:37.162+0800][gc            ] GC(6) Pause Young (Normal) (G1 Evacuation Pause) 255M->21M(512M) 35.599ms
[2022-05-03T14:23:37.162+0800][gc,cpu        ] GC(6) User=0.12s Sys=0.05s Real=0.04s
[2022-05-03T14:23:41.770+0800][gc,start      ] GC(7) Pause Young (Concurrent Start) (Metadata GC Threshold)
[2022-05-03T14:23:41.770+0800][gc,task       ] GC(7) Using 8 workers of 8 for evacuation
[2022-05-03T14:23:41.812+0800][gc,phases     ] GC(7)   Pre Evacuate Collection Set: 0.1ms
[2022-05-03T14:23:41.812+0800][gc,phases     ] GC(7)   Evacuate Collection Set: 40.6ms
[2022-05-03T14:23:41.812+0800][gc,phases     ] GC(7)   Post Evacuate Collection Set: 1.4ms
[2022-05-03T14:23:41.813+0800][gc,phases     ] GC(7)   Other: 0.2ms
[2022-05-03T14:23:41.813+0800][gc,heap       ] GC(7) Eden regions: 212->0(233)
[2022-05-03T14:23:41.813+0800][gc,heap       ] GC(7) Survivor regions: 21->23(32)
[2022-05-03T14:23:41.813+0800][gc,heap       ] GC(7) Old regions: 0->6
[2022-05-03T14:23:41.813+0800][gc,heap       ] GC(7) Humongous regions: 0->0
[2022-05-03T14:23:41.813+0800][gc,metaspace  ] GC(7) Metaspace: 58732K->58732K(1101824K)
[2022-05-03T14:23:41.813+0800][gc            ] GC(7) Pause Young (Concurrent Start) (Metadata GC Threshold) 233M->28M(512M) 42.405ms
[2022-05-03T14:23:41.813+0800][gc,cpu        ] GC(7) User=0.14s Sys=0.05s Real=0.04s
[2022-05-03T14:23:41.813+0800][gc            ] GC(8) Concurrent Cycle
[2022-05-03T14:23:41.813+0800][gc,marking    ] GC(8) Concurrent Clear Claimed Marks
[2022-05-03T14:23:41.813+0800][gc,marking    ] GC(8) Concurrent Clear Claimed Marks 0.117ms
[2022-05-03T14:23:41.813+0800][gc,marking    ] GC(8) Concurrent Scan Root Regions
[2022-05-03T14:23:41.819+0800][gc,marking    ] GC(8) Concurrent Scan Root Regions 6.074ms
[2022-05-03T14:23:41.819+0800][gc,marking    ] GC(8) Concurrent Mark (19.170s)
[2022-05-03T14:23:41.819+0800][gc,marking    ] GC(8) Concurrent Mark From Roots
[2022-05-03T14:23:41.819+0800][gc,task       ] GC(8) Using 2 workers of 2 for marking
[2022-05-03T14:23:41.823+0800][gc,marking    ] GC(8) Concurrent Mark From Roots 4.100ms
[2022-05-03T14:23:41.823+0800][gc,marking    ] GC(8) Concurrent Preclean
[2022-05-03T14:23:41.823+0800][gc,marking    ] GC(8) Concurrent Preclean 0.036ms
[2022-05-03T14:23:41.823+0800][gc,marking    ] GC(8) Concurrent Mark (19.170s, 19.175s) 4.190ms
[2022-05-03T14:23:41.824+0800][gc,start      ] GC(8) Pause Remark
[2022-05-03T14:23:41.831+0800][gc,stringtable] GC(8) Cleaned string and symbol table, strings: 29964 processed, 0 removed, symbols: 171987 processed, 338 removed
[2022-05-03T14:23:41.831+0800][gc            ] GC(8) Pause Remark 29M->29M(512M) 7.713ms
[2022-05-03T14:23:41.831+0800][gc,cpu        ] GC(8) User=0.02s Sys=0.01s Real=0.01s
[2022-05-03T14:23:41.831+0800][gc,marking    ] GC(8) Concurrent Rebuild Remembered Sets
[2022-05-03T14:23:41.834+0800][gc,marking    ] GC(8) Concurrent Rebuild Remembered Sets 2.469ms
[2022-05-03T14:23:41.835+0800][gc,start      ] GC(8) Pause Cleanup
[2022-05-03T14:23:41.835+0800][gc            ] GC(8) Pause Cleanup 29M->29M(512M) 0.131ms
[2022-05-03T14:23:41.835+0800][gc,cpu        ] GC(8) User=0.00s Sys=0.00s Real=0.00s
[2022-05-03T14:23:41.835+0800][gc,marking    ] GC(8) Concurrent Cleanup for Next Mark
[2022-05-03T14:23:41.838+0800][gc,marking    ] GC(8) Concurrent Cleanup for Next Mark 3.625ms
[2022-05-03T14:23:41.838+0800][gc            ] GC(8) Concurrent Cycle 25.817ms
[2022-05-03T14:23:46.079+0800][gc,start      ] GC(9) Pause Young (Normal) (G1 Evacuation Pause)
[2022-05-03T14:23:46.079+0800][gc,task       ] GC(9) Using 8 workers of 8 for evacuation
[2022-05-03T14:23:46.103+0800][gc,phases     ] GC(9)   Pre Evacuate Collection Set: 0.0ms
[2022-05-03T14:23:46.103+0800][gc,phases     ] GC(9)   Evacuate Collection Set: 23.0ms
[2022-05-03T14:23:46.103+0800][gc,phases     ] GC(9)   Post Evacuate Collection Set: 0.9ms
[2022-05-03T14:23:46.103+0800][gc,phases     ] GC(9)   Other: 0.2ms
[2022-05-03T14:23:46.103+0800][gc,heap       ] GC(9) Eden regions: 233->0(231)
[2022-05-03T14:23:46.103+0800][gc,heap       ] GC(9) Survivor regions: 23->25(32)
[2022-05-03T14:23:46.103+0800][gc,heap       ] GC(9) Old regions: 6->13
[2022-05-03T14:23:46.103+0800][gc,heap       ] GC(9) Humongous regions: 5->5
[2022-05-03T14:23:46.103+0800][gc,metaspace  ] GC(9) Metaspace: 68885K->68885K(1112064K)
[2022-05-03T14:23:46.103+0800][gc            ] GC(9) Pause Young (Normal) (G1 Evacuation Pause) 266M->41M(512M) 24.120ms
[2022-05-03T14:23:46.103+0800][gc,cpu        ] GC(9) User=0.10s Sys=0.03s Real=0.03s
[2022-05-03T14:32:47.594+0800][gc,heap,exit  ] Heap
[2022-05-03T14:32:47.594+0800][gc,heap,exit  ]  garbage-first heap   total 524288K, used 150225K [0x00000007e0000000, 0x0000000800000000)
[2022-05-03T14:32:47.594+0800][gc,heap,exit  ]   region size 1024K, 132 young (135168K), 25 survivors (25600K)
[2022-05-03T14:32:47.594+0800][gc,heap,exit  ]  Metaspace       used 71842K, capacity 73993K, committed 74376K, reserved 1114112K
[2022-05-03T14:32:47.594+0800][gc,heap,exit  ]   class space    used 8455K, capacity 9491K, committed 9600K, reserved 1048576K
