[2022-05-03T14:29:54.487+0800][gc,heap] Heap region size: 1M
[2022-05-03T14:29:54.490+0800][gc     ] Using G1
[2022-05-03T14:29:54.490+0800][gc,heap,coops] Heap address: 0x00000007e0000000, size: 512 MB, Compressed Oops mode: Zero based, Oop shift amount: 3
[2022-05-03T14:29:57.071+0800][gc,start     ] GC(0) Pause Young (Concurrent Start) (Metadata GC Threshold)
[2022-05-03T14:29:57.072+0800][gc,task      ] GC(0) Using 8 workers of 8 for evacuation
[2022-05-03T14:29:57.087+0800][gc,phases    ] GC(0)   Pre Evacuate Collection Set: 0.0ms
[2022-05-03T14:29:57.087+0800][gc,phases    ] GC(0)   Evacuate Collection Set: 14.6ms
[2022-05-03T14:29:57.087+0800][gc,phases    ] GC(0)   Post Evacuate Collection Set: 0.6ms
[2022-05-03T14:29:57.087+0800][gc,phases    ] GC(0)   Other: 0.7ms
[2022-05-03T14:29:57.087+0800][gc,heap      ] GC(0) Eden regions: 151->0(250)
[2022-05-03T14:29:57.087+0800][gc,heap      ] GC(0) Survivor regions: 0->6(32)
[2022-05-03T14:29:57.087+0800][gc,heap      ] GC(0) Old regions: 0->0
[2022-05-03T14:29:57.087+0800][gc,heap      ] GC(0) Humongous regions: 0->0
[2022-05-03T14:29:57.087+0800][gc,metaspace ] GC(0) Metaspace: 20721K->20721K(1069056K)
[2022-05-03T14:29:57.087+0800][gc           ] GC(0) Pause Young (Concurrent Start) (Metadata GC Threshold) 150M->5M(512M) 16.085ms
[2022-05-03T14:29:57.087+0800][gc,cpu       ] GC(0) User=0.04s Sys=0.02s Real=0.01s
[2022-05-03T14:29:57.088+0800][gc           ] GC(1) Concurrent Cycle
[2022-05-03T14:29:57.088+0800][gc,marking   ] GC(1) Concurrent Clear Claimed Marks
[2022-05-03T14:29:57.088+0800][gc,marking   ] GC(1) Concurrent Clear Claimed Marks 0.040ms
[2022-05-03T14:29:57.088+0800][gc,marking   ] GC(1) Concurrent Scan Root Regions
[2022-05-03T14:29:57.090+0800][gc,marking   ] GC(1) Concurrent Scan Root Regions 1.665ms
[2022-05-03T14:29:57.091+0800][gc,marking   ] GC(1) Concurrent Mark (2.614s)
[2022-05-03T14:29:57.091+0800][gc,marking   ] GC(1) Concurrent Mark From Roots
[2022-05-03T14:29:57.091+0800][gc,task      ] GC(1) Using 2 workers of 2 for marking
[2022-05-03T14:29:57.093+0800][gc,marking   ] GC(1) Concurrent Mark From Roots 2.190ms
[2022-05-03T14:29:57.093+0800][gc,marking   ] GC(1) Concurrent Preclean
[2022-05-03T14:29:57.093+0800][gc,marking   ] GC(1) Concurrent Preclean 0.450ms
[2022-05-03T14:29:57.094+0800][gc,marking   ] GC(1) Concurrent Mark (2.614s, 2.617s) 3.310ms
[2022-05-03T14:29:57.094+0800][gc,start     ] GC(1) Pause Remark
[2022-05-03T14:29:57.099+0800][gc,stringtable] GC(1) Cleaned string and symbol table, strings: 7330 processed, 0 removed, symbols: 66795 processed, 84 removed
[2022-05-03T14:29:57.099+0800][gc            ] GC(1) Pause Remark 6M->6M(512M) 4.772ms
[2022-05-03T14:29:57.099+0800][gc,cpu        ] GC(1) User=0.01s Sys=0.01s Real=0.00s
[2022-05-03T14:29:57.099+0800][gc,marking    ] GC(1) Concurrent Rebuild Remembered Sets
[2022-05-03T14:29:57.099+0800][gc,marking    ] GC(1) Concurrent Rebuild Remembered Sets 0.032ms
[2022-05-03T14:29:57.100+0800][gc,start      ] GC(1) Pause Cleanup
[2022-05-03T14:29:57.100+0800][gc            ] GC(1) Pause Cleanup 6M->6M(512M) 0.055ms
[2022-05-03T14:29:57.100+0800][gc,cpu        ] GC(1) User=0.00s Sys=0.00s Real=0.00s
[2022-05-03T14:29:57.100+0800][gc,marking    ] GC(1) Concurrent Cleanup for Next Mark
[2022-05-03T14:29:57.107+0800][gc,marking    ] GC(1) Concurrent Cleanup for Next Mark 7.358ms
[2022-05-03T14:29:57.108+0800][gc            ] GC(1) Concurrent Cycle 19.702ms
[2022-05-03T14:29:59.628+0800][gc,start      ] GC(2) Pause Young (Normal) (G1 Evacuation Pause)
[2022-05-03T14:29:59.628+0800][gc,task       ] GC(2) Using 8 workers of 8 for evacuation
[2022-05-03T14:29:59.656+0800][gc,phases     ] GC(2)   Pre Evacuate Collection Set: 0.0ms
[2022-05-03T14:29:59.656+0800][gc,phases     ] GC(2)   Evacuate Collection Set: 27.1ms
[2022-05-03T14:29:59.656+0800][gc,phases     ] GC(2)   Post Evacuate Collection Set: 1.0ms
[2022-05-03T14:29:59.656+0800][gc,phases     ] GC(2)   Other: 0.1ms
[2022-05-03T14:29:59.656+0800][gc,heap       ] GC(2) Eden regions: 250->0(245)
[2022-05-03T14:29:59.656+0800][gc,heap       ] GC(2) Survivor regions: 6->11(32)
[2022-05-03T14:29:59.656+0800][gc,heap       ] GC(2) Old regions: 0->0
[2022-05-03T14:29:59.656+0800][gc,heap       ] GC(2) Humongous regions: 0->0
[2022-05-03T14:29:59.656+0800][gc,metaspace  ] GC(2) Metaspace: 31474K->31474K(1077248K)
[2022-05-03T14:29:59.656+0800][gc            ] GC(2) Pause Young (Normal) (G1 Evacuation Pause) 255M->10M(512M) 28.318ms
[2022-05-03T14:29:59.656+0800][gc,cpu        ] GC(2) User=0.10s Sys=0.04s Real=0.03s
[2022-05-03T14:30:02.080+0800][gc,start      ] GC(3) Pause Young (Normal) (G1 Evacuation Pause)
[2022-05-03T14:30:02.080+0800][gc,task       ] GC(3) Using 8 workers of 8 for evacuation
[2022-05-03T14:30:02.101+0800][gc,phases     ] GC(3)   Pre Evacuate Collection Set: 0.0ms
[2022-05-03T14:30:02.101+0800][gc,phases     ] GC(3)   Evacuate Collection Set: 19.8ms
[2022-05-03T14:30:02.101+0800][gc,phases     ] GC(3)   Post Evacuate Collection Set: 0.6ms
[2022-05-03T14:30:02.101+0800][gc,phases     ] GC(3)   Other: 0.5ms
[2022-05-03T14:30:02.101+0800][gc,heap       ] GC(3) Eden regions: 245->0(243)
[2022-05-03T14:30:02.101+0800][gc,heap       ] GC(3) Survivor regions: 11->13(32)
[2022-05-03T14:30:02.101+0800][gc,heap       ] GC(3) Old regions: 0->0
[2022-05-03T14:30:02.101+0800][gc,heap       ] GC(3) Humongous regions: 0->0
[2022-05-03T14:30:02.101+0800][gc,metaspace  ] GC(3) Metaspace: 33580K->33580K(1079296K)
[2022-05-03T14:30:02.101+0800][gc            ] GC(3) Pause Young (Normal) (G1 Evacuation Pause) 255M->13M(512M) 21.069ms
[2022-05-03T14:30:02.101+0800][gc,cpu        ] GC(3) User=0.08s Sys=0.03s Real=0.02s
[2022-05-03T14:30:04.052+0800][gc,start      ] GC(4) Pause Young (Concurrent Start) (Metadata GC Threshold)
[2022-05-03T14:30:04.052+0800][gc,task       ] GC(4) Using 8 workers of 8 for evacuation
[2022-05-03T14:30:04.070+0800][gc,phases     ] GC(4)   Pre Evacuate Collection Set: 0.1ms
[2022-05-03T14:30:04.070+0800][gc,phases     ] GC(4)   Evacuate Collection Set: 17.3ms
[2022-05-03T14:30:04.070+0800][gc,phases     ] GC(4)   Post Evacuate Collection Set: 0.7ms
[2022-05-03T14:30:04.070+0800][gc,phases     ] GC(4)   Other: 0.1ms
[2022-05-03T14:30:04.070+0800][gc,heap       ] GC(4) Eden regions: 108->0(240)
[2022-05-03T14:30:04.070+0800][gc,heap       ] GC(4) Survivor regions: 13->16(32)
[2022-05-03T14:30:04.070+0800][gc,heap       ] GC(4) Old regions: 0->0
[2022-05-03T14:30:04.070+0800][gc,heap       ] GC(4) Humongous regions: 0->0
[2022-05-03T14:30:04.070+0800][gc,metaspace  ] GC(4) Metaspace: 35068K->35068K(1081344K)
[2022-05-03T14:30:04.071+0800][gc            ] GC(4) Pause Young (Concurrent Start) (Metadata GC Threshold) 120M->15M(512M) 18.368ms
[2022-05-03T14:30:04.071+0800][gc,cpu        ] GC(4) User=0.05s Sys=0.02s Real=0.02s
[2022-05-03T14:30:04.071+0800][gc            ] GC(5) Concurrent Cycle
[2022-05-03T14:30:04.071+0800][gc,marking    ] GC(5) Concurrent Clear Claimed Marks
[2022-05-03T14:30:04.071+0800][gc,marking    ] GC(5) Concurrent Clear Claimed Marks 0.074ms
[2022-05-03T14:30:04.071+0800][gc,marking    ] GC(5) Concurrent Scan Root Regions
[2022-05-03T14:30:04.075+0800][gc,marking    ] GC(5) Concurrent Scan Root Regions 4.701ms
[2022-05-03T14:30:04.075+0800][gc,marking    ] GC(5) Concurrent Mark (9.600s)
[2022-05-03T14:30:04.075+0800][gc,marking    ] GC(5) Concurrent Mark From Roots
[2022-05-03T14:30:04.075+0800][gc,task       ] GC(5) Using 2 workers of 2 for marking
[2022-05-03T14:30:04.076+0800][gc,marking    ] GC(5) Concurrent Mark From Roots 0.094ms
[2022-05-03T14:30:04.076+0800][gc,marking    ] GC(5) Concurrent Preclean
[2022-05-03T14:30:04.076+0800][gc,marking    ] GC(5) Concurrent Preclean 0.024ms
[2022-05-03T14:30:04.076+0800][gc,marking    ] GC(5) Concurrent Mark (9.600s, 9.600s) 0.151ms
[2022-05-03T14:30:04.076+0800][gc,start      ] GC(5) Pause Remark
[2022-05-03T14:30:04.081+0800][gc,stringtable] GC(5) Cleaned string and symbol table, strings: 15398 processed, 0 removed, symbols: 110061 processed, 310 removed
[2022-05-03T14:30:04.081+0800][gc            ] GC(5) Pause Remark 16M->16M(512M) 5.092ms
[2022-05-03T14:30:04.081+0800][gc,cpu        ] GC(5) User=0.01s Sys=0.00s Real=0.01s
[2022-05-03T14:30:04.081+0800][gc,marking    ] GC(5) Concurrent Rebuild Remembered Sets
[2022-05-03T14:30:04.081+0800][gc,marking    ] GC(5) Concurrent Rebuild Remembered Sets 0.025ms
[2022-05-03T14:30:04.081+0800][gc,start      ] GC(5) Pause Cleanup
[2022-05-03T14:30:04.081+0800][gc            ] GC(5) Pause Cleanup 16M->16M(512M) 0.068ms
[2022-05-03T14:30:04.081+0800][gc,cpu        ] GC(5) User=0.00s Sys=0.00s Real=0.00s
[2022-05-03T14:30:04.081+0800][gc,marking    ] GC(5) Concurrent Cleanup for Next Mark
[2022-05-03T14:30:04.083+0800][gc,marking    ] GC(5) Concurrent Cleanup for Next Mark 1.682ms
[2022-05-03T14:30:04.083+0800][gc            ] GC(5) Concurrent Cycle 12.610ms
[2022-05-03T14:30:08.717+0800][gc,start      ] GC(6) Pause Young (Normal) (G1 Evacuation Pause)
[2022-05-03T14:30:08.717+0800][gc,task       ] GC(6) Using 8 workers of 8 for evacuation
[2022-05-03T14:30:08.752+0800][gc,phases     ] GC(6)   Pre Evacuate Collection Set: 0.1ms
[2022-05-03T14:30:08.753+0800][gc,phases     ] GC(6)   Evacuate Collection Set: 34.4ms
[2022-05-03T14:30:08.753+0800][gc,phases     ] GC(6)   Post Evacuate Collection Set: 1.2ms
[2022-05-03T14:30:08.753+0800][gc,phases     ] GC(6)   Other: 0.1ms
[2022-05-03T14:30:08.753+0800][gc,heap       ] GC(6) Eden regions: 240->0(235)
[2022-05-03T14:30:08.753+0800][gc,heap       ] GC(6) Survivor regions: 16->21(32)
[2022-05-03T14:30:08.753+0800][gc,heap       ] GC(6) Old regions: 0->0
[2022-05-03T14:30:08.753+0800][gc,heap       ] GC(6) Humongous regions: 0->0
[2022-05-03T14:30:08.753+0800][gc,metaspace  ] GC(6) Metaspace: 45291K->45291K(1089536K)
[2022-05-03T14:30:08.753+0800][gc            ] GC(6) Pause Young (Normal) (G1 Evacuation Pause) 255M->21M(512M) 35.890ms
[2022-05-03T14:30:08.753+0800][gc,cpu        ] GC(6) User=0.13s Sys=0.05s Real=0.04s
[2022-05-03T14:32:49.472+0800][gc,heap,exit  ] Heap
[2022-05-03T14:32:49.472+0800][gc,heap,exit  ]  garbage-first heap   total 524288K, used 156672K [0x00000007e0000000, 0x0000000800000000)
[2022-05-03T14:32:49.472+0800][gc,heap,exit  ]   region size 1024K, 154 young (157696K), 21 survivors (21504K)
[2022-05-03T14:32:49.473+0800][gc,heap,exit  ]  Metaspace       used 50602K, capacity 51791K, committed 52092K, reserved 1095680K
[2022-05-03T14:32:49.473+0800][gc,heap,exit  ]   class space    used 5843K, capacity 6301K, committed 6348K, reserved 1048576K
