[2022-05-03T14:26:54.196+0800][gc,heap] Heap region size: 1M
[2022-05-03T14:26:54.200+0800][gc     ] Using G1
[2022-05-03T14:26:54.200+0800][gc,heap,coops] Heap address: 0x00000007e0000000, size: 512 MB, Compressed Oops mode: Zero based, Oop shift amount: 3
[2022-05-03T14:26:56.960+0800][gc,start     ] GC(0) Pause Young (Concurrent Start) (Metadata GC Threshold)
[2022-05-03T14:26:56.961+0800][gc,task      ] GC(0) Using 8 workers of 8 for evacuation
[2022-05-03T14:26:56.976+0800][gc,phases    ] GC(0)   Pre Evacuate Collection Set: 0.0ms
[2022-05-03T14:26:56.976+0800][gc,phases    ] GC(0)   Evacuate Collection Set: 13.4ms
[2022-05-03T14:26:56.976+0800][gc,phases    ] GC(0)   Post Evacuate Collection Set: 1.8ms
[2022-05-03T14:26:56.976+0800][gc,phases    ] GC(0)   Other: 0.7ms
[2022-05-03T14:26:56.976+0800][gc,heap      ] GC(0) Eden regions: 152->0(250)
[2022-05-03T14:26:56.976+0800][gc,heap      ] GC(0) Survivor regions: 0->6(32)
[2022-05-03T14:26:56.976+0800][gc,heap      ] GC(0) Old regions: 0->0
[2022-05-03T14:26:56.976+0800][gc,heap      ] GC(0) Humongous regions: 0->0
[2022-05-03T14:26:56.976+0800][gc,metaspace ] GC(0) Metaspace: 20674K->20674K(1069056K)
[2022-05-03T14:26:56.976+0800][gc           ] GC(0) Pause Young (Concurrent Start) (Metadata GC Threshold) 151M->5M(512M) 16.099ms
[2022-05-03T14:26:56.976+0800][gc,cpu       ] GC(0) User=0.03s Sys=0.02s Real=0.01s
[2022-05-03T14:26:56.977+0800][gc           ] GC(1) Concurrent Cycle
[2022-05-03T14:26:56.977+0800][gc,marking   ] GC(1) Concurrent Clear Claimed Marks
[2022-05-03T14:26:56.977+0800][gc,marking   ] GC(1) Concurrent Clear Claimed Marks 0.045ms
[2022-05-03T14:26:56.977+0800][gc,marking   ] GC(1) Concurrent Scan Root Regions
[2022-05-03T14:26:56.979+0800][gc,marking   ] GC(1) Concurrent Scan Root Regions 2.004ms
[2022-05-03T14:26:56.979+0800][gc,marking   ] GC(1) Concurrent Mark (2.794s)
[2022-05-03T14:26:56.979+0800][gc,marking   ] GC(1) Concurrent Mark From Roots
[2022-05-03T14:26:56.979+0800][gc,task      ] GC(1) Using 2 workers of 2 for marking
[2022-05-03T14:26:56.980+0800][gc,marking   ] GC(1) Concurrent Mark From Roots 0.147ms
[2022-05-03T14:26:56.980+0800][gc,marking   ] GC(1) Concurrent Preclean
[2022-05-03T14:26:56.980+0800][gc,marking   ] GC(1) Concurrent Preclean 0.028ms
[2022-05-03T14:26:56.980+0800][gc,marking   ] GC(1) Concurrent Mark (2.794s, 2.795s) 0.217ms
[2022-05-03T14:26:56.980+0800][gc,start     ] GC(1) Pause Remark
[2022-05-03T14:26:56.984+0800][gc,stringtable] GC(1) Cleaned string and symbol table, strings: 7518 processed, 0 removed, symbols: 65275 processed, 71 removed
[2022-05-03T14:26:56.984+0800][gc            ] GC(1) Pause Remark 6M->6M(512M) 4.233ms
[2022-05-03T14:26:56.984+0800][gc,cpu        ] GC(1) User=0.01s Sys=0.00s Real=0.00s
[2022-05-03T14:26:56.984+0800][gc,marking    ] GC(1) Concurrent Rebuild Remembered Sets
[2022-05-03T14:26:56.984+0800][gc,marking    ] GC(1) Concurrent Rebuild Remembered Sets 0.047ms
[2022-05-03T14:26:56.985+0800][gc,start      ] GC(1) Pause Cleanup
[2022-05-03T14:26:56.985+0800][gc            ] GC(1) Pause Cleanup 6M->6M(512M) 0.061ms
[2022-05-03T14:26:56.985+0800][gc,cpu        ] GC(1) User=0.00s Sys=0.00s Real=0.00s
[2022-05-03T14:26:56.985+0800][gc,marking    ] GC(1) Concurrent Cleanup for Next Mark
[2022-05-03T14:26:56.999+0800][gc,marking    ] GC(1) Concurrent Cleanup for Next Mark 14.384ms
[2022-05-03T14:26:57.000+0800][gc            ] GC(1) Concurrent Cycle 22.867ms
[2022-05-03T14:26:59.492+0800][gc,start      ] GC(2) Pause Young (Normal) (G1 Evacuation Pause)
[2022-05-03T14:26:59.492+0800][gc,task       ] GC(2) Using 8 workers of 8 for evacuation
[2022-05-03T14:26:59.517+0800][gc,phases     ] GC(2)   Pre Evacuate Collection Set: 0.0ms
[2022-05-03T14:26:59.517+0800][gc,phases     ] GC(2)   Evacuate Collection Set: 23.3ms
[2022-05-03T14:26:59.517+0800][gc,phases     ] GC(2)   Post Evacuate Collection Set: 1.0ms
[2022-05-03T14:26:59.517+0800][gc,phases     ] GC(2)   Other: 0.2ms
[2022-05-03T14:26:59.517+0800][gc,heap       ] GC(2) Eden regions: 250->0(245)
[2022-05-03T14:26:59.517+0800][gc,heap       ] GC(2) Survivor regions: 6->11(32)
[2022-05-03T14:26:59.517+0800][gc,heap       ] GC(2) Old regions: 0->0
[2022-05-03T14:26:59.517+0800][gc,heap       ] GC(2) Humongous regions: 0->0
[2022-05-03T14:26:59.517+0800][gc,metaspace  ] GC(2) Metaspace: 31399K->31399K(1077248K)
[2022-05-03T14:26:59.517+0800][gc            ] GC(2) Pause Young (Normal) (G1 Evacuation Pause) 255M->10M(512M) 24.629ms
[2022-05-03T14:26:59.517+0800][gc,cpu        ] GC(2) User=0.07s Sys=0.03s Real=0.02s
[2022-05-03T14:27:02.136+0800][gc,start      ] GC(3) Pause Young (Normal) (G1 Evacuation Pause)
[2022-05-03T14:27:02.136+0800][gc,task       ] GC(3) Using 8 workers of 8 for evacuation
[2022-05-03T14:27:02.157+0800][gc,phases     ] GC(3)   Pre Evacuate Collection Set: 0.0ms
[2022-05-03T14:27:02.157+0800][gc,phases     ] GC(3)   Evacuate Collection Set: 19.9ms
[2022-05-03T14:27:02.157+0800][gc,phases     ] GC(3)   Post Evacuate Collection Set: 1.2ms
[2022-05-03T14:27:02.157+0800][gc,phases     ] GC(3)   Other: 0.1ms
[2022-05-03T14:27:02.157+0800][gc,heap       ] GC(3) Eden regions: 245->0(243)
[2022-05-03T14:27:02.157+0800][gc,heap       ] GC(3) Survivor regions: 11->13(32)
[2022-05-03T14:27:02.157+0800][gc,heap       ] GC(3) Old regions: 0->0
[2022-05-03T14:27:02.157+0800][gc,heap       ] GC(3) Humongous regions: 0->0
[2022-05-03T14:27:02.157+0800][gc,metaspace  ] GC(3) Metaspace: 33575K->33575K(1079296K)
[2022-05-03T14:27:02.157+0800][gc            ] GC(3) Pause Young (Normal) (G1 Evacuation Pause) 255M->13M(512M) 21.298ms
[2022-05-03T14:27:02.157+0800][gc,cpu        ] GC(3) User=0.06s Sys=0.03s Real=0.02s
[2022-05-03T14:27:04.101+0800][gc,start      ] GC(4) Pause Young (Concurrent Start) (Metadata GC Threshold)
[2022-05-03T14:27:04.101+0800][gc,task       ] GC(4) Using 8 workers of 8 for evacuation
[2022-05-03T14:27:04.120+0800][gc,phases     ] GC(4)   Pre Evacuate Collection Set: 0.1ms
[2022-05-03T14:27:04.120+0800][gc,phases     ] GC(4)   Evacuate Collection Set: 17.9ms
[2022-05-03T14:27:04.120+0800][gc,phases     ] GC(4)   Post Evacuate Collection Set: 0.7ms
[2022-05-03T14:27:04.120+0800][gc,phases     ] GC(4)   Other: 0.2ms
[2022-05-03T14:27:04.120+0800][gc,heap       ] GC(4) Eden regions: 107->0(240)
[2022-05-03T14:27:04.120+0800][gc,heap       ] GC(4) Survivor regions: 13->16(32)
[2022-05-03T14:27:04.120+0800][gc,heap       ] GC(4) Old regions: 0->0
[2022-05-03T14:27:04.120+0800][gc,heap       ] GC(4) Humongous regions: 0->0
[2022-05-03T14:27:04.120+0800][gc,metaspace  ] GC(4) Metaspace: 34974K->34974K(1081344K)
[2022-05-03T14:27:04.120+0800][gc            ] GC(4) Pause Young (Concurrent Start) (Metadata GC Threshold) 119M->15M(512M) 18.925ms
[2022-05-03T14:27:04.120+0800][gc,cpu        ] GC(4) User=0.07s Sys=0.02s Real=0.02s
[2022-05-03T14:27:04.120+0800][gc            ] GC(5) Concurrent Cycle
[2022-05-03T14:27:04.120+0800][gc,marking    ] GC(5) Concurrent Clear Claimed Marks
[2022-05-03T14:27:04.120+0800][gc,marking    ] GC(5) Concurrent Clear Claimed Marks 0.071ms
[2022-05-03T14:27:04.120+0800][gc,marking    ] GC(5) Concurrent Scan Root Regions
[2022-05-03T14:27:04.124+0800][gc,marking    ] GC(5) Concurrent Scan Root Regions 3.829ms
[2022-05-03T14:27:04.124+0800][gc,marking    ] GC(5) Concurrent Mark (9.939s)
[2022-05-03T14:27:04.124+0800][gc,marking    ] GC(5) Concurrent Mark From Roots
[2022-05-03T14:27:04.124+0800][gc,task       ] GC(5) Using 2 workers of 2 for marking
[2022-05-03T14:27:04.124+0800][gc,marking    ] GC(5) Concurrent Mark From Roots 0.090ms
[2022-05-03T14:27:04.124+0800][gc,marking    ] GC(5) Concurrent Preclean
[2022-05-03T14:27:04.124+0800][gc,marking    ] GC(5) Concurrent Preclean 0.022ms
[2022-05-03T14:27:04.124+0800][gc,marking    ] GC(5) Concurrent Mark (9.939s, 9.939s) 0.155ms
[2022-05-03T14:27:04.125+0800][gc,start      ] GC(5) Pause Remark
[2022-05-03T14:27:04.129+0800][gc,stringtable] GC(5) Cleaned string and symbol table, strings: 15405 processed, 0 removed, symbols: 109777 processed, 320 removed
[2022-05-03T14:27:04.130+0800][gc            ] GC(5) Pause Remark 16M->16M(512M) 5.000ms
[2022-05-03T14:27:04.130+0800][gc,cpu        ] GC(5) User=0.02s Sys=0.00s Real=0.01s
[2022-05-03T14:27:04.130+0800][gc,marking    ] GC(5) Concurrent Rebuild Remembered Sets
[2022-05-03T14:27:04.130+0800][gc,marking    ] GC(5) Concurrent Rebuild Remembered Sets 0.075ms
[2022-05-03T14:27:04.130+0800][gc,start      ] GC(5) Pause Cleanup
[2022-05-03T14:27:04.130+0800][gc            ] GC(5) Pause Cleanup 16M->16M(512M) 0.055ms
[2022-05-03T14:27:04.130+0800][gc,cpu        ] GC(5) User=0.00s Sys=0.00s Real=0.00s
[2022-05-03T14:27:04.130+0800][gc,marking    ] GC(5) Concurrent Cleanup for Next Mark
[2022-05-03T14:27:04.132+0800][gc,marking    ] GC(5) Concurrent Cleanup for Next Mark 1.696ms
[2022-05-03T14:27:04.132+0800][gc            ] GC(5) Concurrent Cycle 11.737ms
[2022-05-03T14:27:08.658+0800][gc,start      ] GC(6) Pause Young (Normal) (G1 Evacuation Pause)
[2022-05-03T14:27:08.658+0800][gc,task       ] GC(6) Using 8 workers of 8 for evacuation
[2022-05-03T14:27:08.701+0800][gc,phases     ] GC(6)   Pre Evacuate Collection Set: 0.0ms
[2022-05-03T14:27:08.701+0800][gc,phases     ] GC(6)   Evacuate Collection Set: 41.6ms
[2022-05-03T14:27:08.701+0800][gc,phases     ] GC(6)   Post Evacuate Collection Set: 1.3ms
[2022-05-03T14:27:08.701+0800][gc,phases     ] GC(6)   Other: 0.2ms
[2022-05-03T14:27:08.701+0800][gc,heap       ] GC(6) Eden regions: 240->0(234)
[2022-05-03T14:27:08.702+0800][gc,heap       ] GC(6) Survivor regions: 16->22(32)
[2022-05-03T14:27:08.702+0800][gc,heap       ] GC(6) Old regions: 0->0
[2022-05-03T14:27:08.702+0800][gc,heap       ] GC(6) Humongous regions: 0->0
[2022-05-03T14:27:08.702+0800][gc,metaspace  ] GC(6) Metaspace: 45079K->45079K(1089536K)
[2022-05-03T14:27:08.702+0800][gc            ] GC(6) Pause Young (Normal) (G1 Evacuation Pause) 255M->21M(512M) 43.134ms
[2022-05-03T14:27:08.702+0800][gc,cpu        ] GC(6) User=0.15s Sys=0.06s Real=0.05s
[2022-05-03T14:32:51.740+0800][gc,heap,exit  ] Heap
[2022-05-03T14:32:51.740+0800][gc,heap,exit  ]  garbage-first heap   total 524288K, used 161465K [0x00000007e0000000, 0x0000000800000000)
[2022-05-03T14:32:51.740+0800][gc,heap,exit  ]   region size 1024K, 159 young (162816K), 22 survivors (22528K)
[2022-05-03T14:32:51.740+0800][gc,heap,exit  ]  Metaspace       used 50618K, capacity 51843K, committed 52304K, reserved 1095680K
[2022-05-03T14:32:51.740+0800][gc,heap,exit  ]   class space    used 5843K, capacity 6296K, committed 6400K, reserved 1048576K
