[2022-05-03T14:33:00.227+0800][gc,heap] Heap region size: 1M
[2022-05-03T14:33:00.230+0800][gc     ] Using G1
[2022-05-03T14:33:00.230+0800][gc,heap,coops] Heap address: 0x00000007e0000000, size: 512 MB, Compressed Oops mode: Zero based, Oop shift amount: 3
[2022-05-03T14:33:02.887+0800][gc,start     ] GC(0) Pause Young (Concurrent Start) (Metadata GC Threshold)
[2022-05-03T14:33:02.887+0800][gc,task      ] GC(0) Using 8 workers of 8 for evacuation
[2022-05-03T14:33:02.902+0800][gc,phases    ] GC(0)   Pre Evacuate Collection Set: 0.0ms
[2022-05-03T14:33:02.902+0800][gc,phases    ] GC(0)   Evacuate Collection Set: 14.5ms
[2022-05-03T14:33:02.902+0800][gc,phases    ] GC(0)   Post Evacuate Collection Set: 0.7ms
[2022-05-03T14:33:02.902+0800][gc,phases    ] GC(0)   Other: 0.6ms
[2022-05-03T14:33:02.902+0800][gc,heap      ] GC(0) Eden regions: 157->0(250)
[2022-05-03T14:33:02.902+0800][gc,heap      ] GC(0) Survivor regions: 0->6(32)
[2022-05-03T14:33:02.902+0800][gc,heap      ] GC(0) Old regions: 0->0
[2022-05-03T14:33:02.902+0800][gc,heap      ] GC(0) Humongous regions: 0->0
[2022-05-03T14:33:02.902+0800][gc,metaspace ] GC(0) Metaspace: 20751K->20751K(1069056K)
[2022-05-03T14:33:02.903+0800][gc           ] GC(0) Pause Young (Concurrent Start) (Metadata GC Threshold) 157M->5M(512M) 15.961ms
[2022-05-03T14:33:02.903+0800][gc,cpu       ] GC(0) User=0.04s Sys=0.02s Real=0.02s
[2022-05-03T14:33:02.904+0800][gc           ] GC(1) Concurrent Cycle
[2022-05-03T14:33:02.904+0800][gc,marking   ] GC(1) Concurrent Clear Claimed Marks
[2022-05-03T14:33:02.904+0800][gc,marking   ] GC(1) Concurrent Clear Claimed Marks 0.068ms
[2022-05-03T14:33:02.904+0800][gc,marking   ] GC(1) Concurrent Scan Root Regions
[2022-05-03T14:33:02.906+0800][gc,marking   ] GC(1) Concurrent Scan Root Regions 1.802ms
[2022-05-03T14:33:02.906+0800][gc,marking   ] GC(1) Concurrent Mark (2.690s)
[2022-05-03T14:33:02.906+0800][gc,marking   ] GC(1) Concurrent Mark From Roots
[2022-05-03T14:33:02.906+0800][gc,task      ] GC(1) Using 2 workers of 2 for marking
[2022-05-03T14:33:02.913+0800][gc,marking   ] GC(1) Concurrent Mark From Roots 6.786ms
[2022-05-03T14:33:02.913+0800][gc,marking   ] GC(1) Concurrent Preclean
[2022-05-03T14:33:02.914+0800][gc,marking   ] GC(1) Concurrent Preclean 1.096ms
[2022-05-03T14:33:02.914+0800][gc,marking   ] GC(1) Concurrent Mark (2.690s, 2.698s) 7.956ms
[2022-05-03T14:33:02.914+0800][gc,start     ] GC(1) Pause Remark
[2022-05-03T14:33:02.919+0800][gc,stringtable] GC(1) Cleaned string and symbol table, strings: 7378 processed, 0 removed, symbols: 67522 processed, 83 removed
[2022-05-03T14:33:02.919+0800][gc            ] GC(1) Pause Remark 6M->6M(512M) 5.042ms
[2022-05-03T14:33:02.919+0800][gc,cpu        ] GC(1) User=0.01s Sys=0.00s Real=0.00s
[2022-05-03T14:33:02.920+0800][gc,marking    ] GC(1) Concurrent Rebuild Remembered Sets
[2022-05-03T14:33:02.920+0800][gc,marking    ] GC(1) Concurrent Rebuild Remembered Sets 0.036ms
[2022-05-03T14:33:02.920+0800][gc,start      ] GC(1) Pause Cleanup
[2022-05-03T14:33:02.920+0800][gc            ] GC(1) Pause Cleanup 6M->6M(512M) 0.054ms
[2022-05-03T14:33:02.920+0800][gc,cpu        ] GC(1) User=0.00s Sys=0.00s Real=0.00s
[2022-05-03T14:33:02.920+0800][gc,marking    ] GC(1) Concurrent Cleanup for Next Mark
[2022-05-03T14:33:02.929+0800][gc,marking    ] GC(1) Concurrent Cleanup for Next Mark 8.637ms
[2022-05-03T14:33:02.930+0800][gc            ] GC(1) Concurrent Cycle 25.947ms
[2022-05-03T14:33:05.348+0800][gc,start      ] GC(2) Pause Young (Normal) (G1 Evacuation Pause)
[2022-05-03T14:33:05.348+0800][gc,task       ] GC(2) Using 8 workers of 8 for evacuation
[2022-05-03T14:33:05.375+0800][gc,phases     ] GC(2)   Pre Evacuate Collection Set: 0.0ms
[2022-05-03T14:33:05.375+0800][gc,phases     ] GC(2)   Evacuate Collection Set: 25.9ms
[2022-05-03T14:33:05.375+0800][gc,phases     ] GC(2)   Post Evacuate Collection Set: 0.9ms
[2022-05-03T14:33:05.375+0800][gc,phases     ] GC(2)   Other: 0.2ms
[2022-05-03T14:33:05.375+0800][gc,heap       ] GC(2) Eden regions: 250->0(246)
[2022-05-03T14:33:05.375+0800][gc,heap       ] GC(2) Survivor regions: 6->10(32)
[2022-05-03T14:33:05.375+0800][gc,heap       ] GC(2) Old regions: 0->0
[2022-05-03T14:33:05.375+0800][gc,heap       ] GC(2) Humongous regions: 0->0
[2022-05-03T14:33:05.375+0800][gc,metaspace  ] GC(2) Metaspace: 31164K->31164K(1077248K)
[2022-05-03T14:33:05.375+0800][gc            ] GC(2) Pause Young (Normal) (G1 Evacuation Pause) 255M->9M(512M) 27.025ms
[2022-05-03T14:33:05.375+0800][gc,cpu        ] GC(2) User=0.10s Sys=0.04s Real=0.03s
[2022-05-03T14:33:07.972+0800][gc,start      ] GC(3) Pause Young (Normal) (G1 Evacuation Pause)
[2022-05-03T14:33:07.972+0800][gc,task       ] GC(3) Using 8 workers of 8 for evacuation
[2022-05-03T14:33:07.989+0800][gc,phases     ] GC(3)   Pre Evacuate Collection Set: 0.0ms
[2022-05-03T14:33:07.989+0800][gc,phases     ] GC(3)   Evacuate Collection Set: 16.4ms
[2022-05-03T14:33:07.989+0800][gc,phases     ] GC(3)   Post Evacuate Collection Set: 0.6ms
[2022-05-03T14:33:07.989+0800][gc,phases     ] GC(3)   Other: 0.1ms
[2022-05-03T14:33:07.989+0800][gc,heap       ] GC(3) Eden regions: 246->0(242)
[2022-05-03T14:33:07.989+0800][gc,heap       ] GC(3) Survivor regions: 10->14(32)
[2022-05-03T14:33:07.989+0800][gc,heap       ] GC(3) Old regions: 0->0
[2022-05-03T14:33:07.989+0800][gc,heap       ] GC(3) Humongous regions: 0->0
[2022-05-03T14:33:07.989+0800][gc,metaspace  ] GC(3) Metaspace: 33579K->33579K(1079296K)
[2022-05-03T14:33:07.989+0800][gc            ] GC(3) Pause Young (Normal) (G1 Evacuation Pause) 255M->13M(512M) 17.261ms
[2022-05-03T14:33:07.989+0800][gc,cpu        ] GC(3) User=0.06s Sys=0.03s Real=0.01s
[2022-05-03T14:33:09.803+0800][gc,start      ] GC(4) Pause Young (Concurrent Start) (Metadata GC Threshold)
[2022-05-03T14:33:09.803+0800][gc,task       ] GC(4) Using 8 workers of 8 for evacuation
[2022-05-03T14:33:09.825+0800][gc,phases     ] GC(4)   Pre Evacuate Collection Set: 0.1ms
[2022-05-03T14:33:09.825+0800][gc,phases     ] GC(4)   Evacuate Collection Set: 21.2ms
[2022-05-03T14:33:09.825+0800][gc,phases     ] GC(4)   Post Evacuate Collection Set: 0.8ms
[2022-05-03T14:33:09.825+0800][gc,phases     ] GC(4)   Other: 0.2ms
[2022-05-03T14:33:09.825+0800][gc,heap       ] GC(4) Eden regions: 109->0(240)
[2022-05-03T14:33:09.825+0800][gc,heap       ] GC(4) Survivor regions: 14->16(32)
[2022-05-03T14:33:09.825+0800][gc,heap       ] GC(4) Old regions: 0->0
[2022-05-03T14:33:09.825+0800][gc,heap       ] GC(4) Humongous regions: 0->0
[2022-05-03T14:33:09.825+0800][gc,metaspace  ] GC(4) Metaspace: 34977K->34977K(1081344K)
[2022-05-03T14:33:09.825+0800][gc            ] GC(4) Pause Young (Concurrent Start) (Metadata GC Threshold) 121M->15M(512M) 22.402ms
[2022-05-03T14:33:09.825+0800][gc,cpu        ] GC(4) User=0.06s Sys=0.02s Real=0.02s
[2022-05-03T14:33:09.825+0800][gc            ] GC(5) Concurrent Cycle
[2022-05-03T14:33:09.826+0800][gc,marking    ] GC(5) Concurrent Clear Claimed Marks
[2022-05-03T14:33:09.826+0800][gc,marking    ] GC(5) Concurrent Clear Claimed Marks 0.077ms
[2022-05-03T14:33:09.826+0800][gc,marking    ] GC(5) Concurrent Scan Root Regions
[2022-05-03T14:33:09.830+0800][gc,marking    ] GC(5) Concurrent Scan Root Regions 4.196ms
[2022-05-03T14:33:09.830+0800][gc,marking    ] GC(5) Concurrent Mark (9.614s)
[2022-05-03T14:33:09.830+0800][gc,marking    ] GC(5) Concurrent Mark From Roots
[2022-05-03T14:33:09.830+0800][gc,task       ] GC(5) Using 2 workers of 2 for marking
[2022-05-03T14:33:09.830+0800][gc,marking    ] GC(5) Concurrent Mark From Roots 0.089ms
[2022-05-03T14:33:09.830+0800][gc,marking    ] GC(5) Concurrent Preclean
[2022-05-03T14:33:09.830+0800][gc,marking    ] GC(5) Concurrent Preclean 0.021ms
[2022-05-03T14:33:09.830+0800][gc,marking    ] GC(5) Concurrent Mark (9.614s, 9.614s) 0.134ms
[2022-05-03T14:33:09.830+0800][gc,start      ] GC(5) Pause Remark
[2022-05-03T14:33:09.836+0800][gc,stringtable] GC(5) Cleaned string and symbol table, strings: 15446 processed, 0 removed, symbols: 109748 processed, 311 removed
[2022-05-03T14:33:09.836+0800][gc            ] GC(5) Pause Remark 16M->16M(512M) 6.208ms
[2022-05-03T14:33:09.836+0800][gc,cpu        ] GC(5) User=0.02s Sys=0.01s Real=0.00s
[2022-05-03T14:33:09.837+0800][gc,marking    ] GC(5) Concurrent Rebuild Remembered Sets
[2022-05-03T14:33:09.837+0800][gc,marking    ] GC(5) Concurrent Rebuild Remembered Sets 0.026ms
[2022-05-03T14:33:09.837+0800][gc,start      ] GC(5) Pause Cleanup
[2022-05-03T14:33:09.837+0800][gc            ] GC(5) Pause Cleanup 16M->16M(512M) 0.054ms
[2022-05-03T14:33:09.837+0800][gc,cpu        ] GC(5) User=0.00s Sys=0.00s Real=0.00s
[2022-05-03T14:33:09.837+0800][gc,marking    ] GC(5) Concurrent Cleanup for Next Mark
[2022-05-03T14:33:09.839+0800][gc,marking    ] GC(5) Concurrent Cleanup for Next Mark 1.846ms
[2022-05-03T14:33:09.839+0800][gc            ] GC(5) Concurrent Cycle 13.664ms
[2022-05-03T14:33:14.444+0800][gc,start      ] GC(6) Pause Young (Normal) (G1 Evacuation Pause)
[2022-05-03T14:33:14.444+0800][gc,task       ] GC(6) Using 8 workers of 8 for evacuation
[2022-05-03T14:33:14.491+0800][gc,phases     ] GC(6)   Pre Evacuate Collection Set: 0.0ms
[2022-05-03T14:33:14.491+0800][gc,phases     ] GC(6)   Evacuate Collection Set: 44.8ms
[2022-05-03T14:33:14.491+0800][gc,phases     ] GC(6)   Post Evacuate Collection Set: 1.5ms
[2022-05-03T14:33:14.491+0800][gc,phases     ] GC(6)   Other: 0.1ms
[2022-05-03T14:33:14.491+0800][gc,heap       ] GC(6) Eden regions: 240->0(234)
[2022-05-03T14:33:14.491+0800][gc,heap       ] GC(6) Survivor regions: 16->22(32)
[2022-05-03T14:33:14.491+0800][gc,heap       ] GC(6) Old regions: 0->0
[2022-05-03T14:33:14.491+0800][gc,heap       ] GC(6) Humongous regions: 0->0
[2022-05-03T14:33:14.491+0800][gc,metaspace  ] GC(6) Metaspace: 45089K->45089K(1089536K)
[2022-05-03T14:33:14.491+0800][gc            ] GC(6) Pause Young (Normal) (G1 Evacuation Pause) 255M->21M(512M) 46.618ms
[2022-05-03T14:33:14.491+0800][gc,cpu        ] GC(6) User=0.16s Sys=0.05s Real=0.05s
[2022-05-03T14:33:18.690+0800][gc,start      ] GC(7) Pause Young (Concurrent Start) (Metadata GC Threshold)
[2022-05-03T14:33:18.690+0800][gc,task       ] GC(7) Using 8 workers of 8 for evacuation
[2022-05-03T14:33:18.729+0800][gc,phases     ] GC(7)   Pre Evacuate Collection Set: 0.1ms
[2022-05-03T14:33:18.729+0800][gc,phases     ] GC(7)   Evacuate Collection Set: 37.5ms
[2022-05-03T14:33:18.729+0800][gc,phases     ] GC(7)   Post Evacuate Collection Set: 1.4ms
[2022-05-03T14:33:18.729+0800][gc,phases     ] GC(7)   Other: 0.1ms
[2022-05-03T14:33:18.729+0800][gc,heap       ] GC(7) Eden regions: 217->0(233)
[2022-05-03T14:33:18.729+0800][gc,heap       ] GC(7) Survivor regions: 22->23(32)
[2022-05-03T14:33:18.729+0800][gc,heap       ] GC(7) Old regions: 0->5
[2022-05-03T14:33:18.729+0800][gc,heap       ] GC(7) Humongous regions: 0->0
[2022-05-03T14:33:18.729+0800][gc,metaspace  ] GC(7) Metaspace: 58760K->58760K(1101824K)
[2022-05-03T14:33:18.729+0800][gc            ] GC(7) Pause Young (Concurrent Start) (Metadata GC Threshold) 238M->27M(512M) 39.218ms
[2022-05-03T14:33:18.729+0800][gc,cpu        ] GC(7) User=0.13s Sys=0.05s Real=0.03s
[2022-05-03T14:33:18.729+0800][gc            ] GC(8) Concurrent Cycle
[2022-05-03T14:33:18.729+0800][gc,marking    ] GC(8) Concurrent Clear Claimed Marks
[2022-05-03T14:33:18.729+0800][gc,marking    ] GC(8) Concurrent Clear Claimed Marks 0.119ms
[2022-05-03T14:33:18.729+0800][gc,marking    ] GC(8) Concurrent Scan Root Regions
[2022-05-03T14:33:18.737+0800][gc,marking    ] GC(8) Concurrent Scan Root Regions 7.743ms
[2022-05-03T14:33:18.737+0800][gc,marking    ] GC(8) Concurrent Mark (18.521s)
[2022-05-03T14:33:18.737+0800][gc,marking    ] GC(8) Concurrent Mark From Roots
[2022-05-03T14:33:18.737+0800][gc,task       ] GC(8) Using 2 workers of 2 for marking
[2022-05-03T14:33:18.740+0800][gc,marking    ] GC(8) Concurrent Mark From Roots 2.900ms
[2022-05-03T14:33:18.740+0800][gc,marking    ] GC(8) Concurrent Preclean
[2022-05-03T14:33:18.740+0800][gc,marking    ] GC(8) Concurrent Preclean 0.033ms
[2022-05-03T14:33:18.740+0800][gc,marking    ] GC(8) Concurrent Mark (18.521s, 18.524s) 2.970ms
[2022-05-03T14:33:18.741+0800][gc,start      ] GC(8) Pause Remark
[2022-05-03T14:33:18.748+0800][gc,stringtable] GC(8) Cleaned string and symbol table, strings: 29859 processed, 0 removed, symbols: 172418 processed, 339 removed
[2022-05-03T14:33:18.748+0800][gc            ] GC(8) Pause Remark 28M->28M(512M) 7.170ms
[2022-05-03T14:33:18.748+0800][gc,cpu        ] GC(8) User=0.02s Sys=0.01s Real=0.00s
[2022-05-03T14:33:18.748+0800][gc,marking    ] GC(8) Concurrent Rebuild Remembered Sets
[2022-05-03T14:33:18.750+0800][gc,marking    ] GC(8) Concurrent Rebuild Remembered Sets 2.427ms
[2022-05-03T14:33:18.751+0800][gc,start      ] GC(8) Pause Cleanup
[2022-05-03T14:33:18.751+0800][gc            ] GC(8) Pause Cleanup 28M->28M(512M) 0.053ms
[2022-05-03T14:33:18.751+0800][gc,cpu        ] GC(8) User=0.00s Sys=0.00s Real=0.00s
[2022-05-03T14:33:18.751+0800][gc,marking    ] GC(8) Concurrent Cleanup for Next Mark
[2022-05-03T14:33:18.752+0800][gc,marking    ] GC(8) Concurrent Cleanup for Next Mark 0.726ms
[2022-05-03T14:33:18.752+0800][gc            ] GC(8) Concurrent Cycle 22.770ms
[2022-05-03T14:33:22.916+0800][gc,start      ] GC(9) Pause Young (Normal) (G1 Evacuation Pause)
[2022-05-03T14:33:22.916+0800][gc,task       ] GC(9) Using 8 workers of 8 for evacuation
[2022-05-03T14:33:22.941+0800][gc,phases     ] GC(9)   Pre Evacuate Collection Set: 0.0ms
[2022-05-03T14:33:22.941+0800][gc,phases     ] GC(9)   Evacuate Collection Set: 24.4ms
[2022-05-03T14:33:22.941+0800][gc,phases     ] GC(9)   Post Evacuate Collection Set: 1.0ms
[2022-05-03T14:33:22.941+0800][gc,phases     ] GC(9)   Other: 0.2ms
[2022-05-03T14:33:22.941+0800][gc,heap       ] GC(9) Eden regions: 233->0(231)
[2022-05-03T14:33:22.941+0800][gc,heap       ] GC(9) Survivor regions: 23->25(32)
[2022-05-03T14:33:22.941+0800][gc,heap       ] GC(9) Old regions: 5->12
[2022-05-03T14:33:22.941+0800][gc,heap       ] GC(9) Humongous regions: 5->5
[2022-05-03T14:33:22.941+0800][gc,metaspace  ] GC(9) Metaspace: 69187K->69187K(1112064K)
[2022-05-03T14:33:22.942+0800][gc            ] GC(9) Pause Young (Normal) (G1 Evacuation Pause) 265M->41M(512M) 25.687ms
[2022-05-03T14:33:22.942+0800][gc,cpu        ] GC(9) User=0.10s Sys=0.03s Real=0.03s
[2022-05-03T14:42:36.800+0800][gc,start      ] GC(10) Pause Young (Normal) (G1 Evacuation Pause)
[2022-05-03T14:42:36.800+0800][gc,task       ] GC(10) Using 8 workers of 8 for evacuation
[2022-05-03T14:42:36.887+0800][gc,phases     ] GC(10)   Pre Evacuate Collection Set: 0.3ms
[2022-05-03T14:42:36.887+0800][gc,phases     ] GC(10)   Evacuate Collection Set: 84.7ms
[2022-05-03T14:42:36.887+0800][gc,phases     ] GC(10)   Post Evacuate Collection Set: 1.3ms
[2022-05-03T14:42:36.887+0800][gc,phases     ] GC(10)   Other: 1.0ms
[2022-05-03T14:42:36.887+0800][gc,heap       ] GC(10) Eden regions: 231->0(236)
[2022-05-03T14:42:36.887+0800][gc,heap       ] GC(10) Survivor regions: 25->20(32)
[2022-05-03T14:42:36.887+0800][gc,heap       ] GC(10) Old regions: 12->19
[2022-05-03T14:42:36.887+0800][gc,heap       ] GC(10) Humongous regions: 18->18
[2022-05-03T14:42:36.887+0800][gc,metaspace  ] GC(10) Metaspace: 78829K->78829K(1120256K)
[2022-05-03T14:42:36.887+0800][gc            ] GC(10) Pause Young (Normal) (G1 Evacuation Pause) 285M->56M(512M) 87.266ms
[2022-05-03T14:42:36.887+0800][gc,cpu        ] GC(10) User=0.14s Sys=0.18s Real=0.08s
[2022-05-03T15:00:27.324+0800][gc,start      ] GC(11) Pause Young (Normal) (G1 Evacuation Pause)
[2022-05-03T15:00:27.325+0800][gc,task       ] GC(11) Using 8 workers of 8 for evacuation
[2022-05-03T15:00:27.417+0800][gc,phases     ] GC(11)   Pre Evacuate Collection Set: 0.3ms
[2022-05-03T15:00:27.417+0800][gc,phases     ] GC(11)   Evacuate Collection Set: 84.7ms
[2022-05-03T15:00:27.417+0800][gc,phases     ] GC(11)   Post Evacuate Collection Set: 6.6ms
[2022-05-03T15:00:27.417+0800][gc,phases     ] GC(11)   Other: 1.5ms
[2022-05-03T15:00:27.417+0800][gc,heap       ] GC(11) Eden regions: 236->0(242)
[2022-05-03T15:00:27.417+0800][gc,heap       ] GC(11) Survivor regions: 20->14(32)
[2022-05-03T15:00:27.417+0800][gc,heap       ] GC(11) Old regions: 19->26
[2022-05-03T15:00:27.417+0800][gc,heap       ] GC(11) Humongous regions: 18->18
[2022-05-03T15:00:27.417+0800][gc,metaspace  ] GC(11) Metaspace: 80417K->80417K(1122304K)
[2022-05-03T15:00:27.417+0800][gc            ] GC(11) Pause Young (Normal) (G1 Evacuation Pause) 292M->57M(512M) 93.249ms
[2022-05-03T15:00:27.417+0800][gc,cpu        ] GC(11) User=0.14s Sys=0.10s Real=0.09s
[2022-05-03T15:19:35.384+0800][gc,start      ] GC(12) Pause Young (Normal) (G1 Evacuation Pause)
[2022-05-03T15:19:35.386+0800][gc,task       ] GC(12) Using 8 workers of 8 for evacuation
[2022-05-03T15:19:35.452+0800][gc,phases     ] GC(12)   Pre Evacuate Collection Set: 0.4ms
[2022-05-03T15:19:35.452+0800][gc,phases     ] GC(12)   Evacuate Collection Set: 63.2ms
[2022-05-03T15:19:35.452+0800][gc,phases     ] GC(12)   Post Evacuate Collection Set: 2.5ms
[2022-05-03T15:19:35.452+0800][gc,phases     ] GC(12)   Other: 2.1ms
[2022-05-03T15:19:35.452+0800][gc,heap       ] GC(12) Eden regions: 242->0(242)
[2022-05-03T15:19:35.452+0800][gc,heap       ] GC(12) Survivor regions: 14->14(32)
[2022-05-03T15:19:35.453+0800][gc,heap       ] GC(12) Old regions: 26->26
[2022-05-03T15:19:35.453+0800][gc,heap       ] GC(12) Humongous regions: 18->18
[2022-05-03T15:19:35.453+0800][gc,metaspace  ] GC(12) Metaspace: 80583K->80583K(1122304K)
[2022-05-03T15:19:35.453+0800][gc            ] GC(12) Pause Young (Normal) (G1 Evacuation Pause) 299M->57M(512M) 68.269ms
[2022-05-03T15:19:35.453+0800][gc,cpu        ] GC(12) User=0.14s Sys=0.12s Real=0.07s
[2022-05-03T15:38:58.542+0800][gc,start      ] GC(13) Pause Young (Normal) (G1 Evacuation Pause)
[2022-05-03T15:38:58.543+0800][gc,task       ] GC(13) Using 8 workers of 8 for evacuation
[2022-05-03T15:38:58.585+0800][gc,phases     ] GC(13)   Pre Evacuate Collection Set: 0.3ms
[2022-05-03T15:38:58.585+0800][gc,phases     ] GC(13)   Evacuate Collection Set: 39.9ms
[2022-05-03T15:38:58.585+0800][gc,phases     ] GC(13)   Post Evacuate Collection Set: 1.1ms
[2022-05-03T15:38:58.585+0800][gc,phases     ] GC(13)   Other: 1.2ms
[2022-05-03T15:38:58.585+0800][gc,heap       ] GC(13) Eden regions: 242->0(243)
[2022-05-03T15:38:58.585+0800][gc,heap       ] GC(13) Survivor regions: 14->13(32)
[2022-05-03T15:38:58.585+0800][gc,heap       ] GC(13) Old regions: 26->26
[2022-05-03T15:38:58.585+0800][gc,heap       ] GC(13) Humongous regions: 18->18
[2022-05-03T15:38:58.585+0800][gc,metaspace  ] GC(13) Metaspace: 80678K->80678K(1122304K)
[2022-05-03T15:38:58.585+0800][gc            ] GC(13) Pause Young (Normal) (G1 Evacuation Pause) 299M->55M(512M) 42.545ms
[2022-05-03T15:38:58.585+0800][gc,cpu        ] GC(13) User=0.10s Sys=0.06s Real=0.04s
[2022-05-03T16:01:44.389+0800][gc,start      ] GC(14) Pause Young (Normal) (G1 Evacuation Pause)
[2022-05-03T16:01:44.389+0800][gc,task       ] GC(14) Using 8 workers of 8 for evacuation
[2022-05-03T16:01:44.453+0800][gc,phases     ] GC(14)   Pre Evacuate Collection Set: 0.1ms
[2022-05-03T16:01:44.453+0800][gc,phases     ] GC(14)   Evacuate Collection Set: 42.9ms
[2022-05-03T16:01:44.453+0800][gc,phases     ] GC(14)   Post Evacuate Collection Set: 21.1ms
[2022-05-03T16:01:44.453+0800][gc,phases     ] GC(14)   Other: 0.5ms
[2022-05-03T16:01:44.453+0800][gc,heap       ] GC(14) Eden regions: 243->0(242)
[2022-05-03T16:01:44.453+0800][gc,heap       ] GC(14) Survivor regions: 13->14(32)
[2022-05-03T16:01:44.453+0800][gc,heap       ] GC(14) Old regions: 26->26
[2022-05-03T16:01:44.453+0800][gc,heap       ] GC(14) Humongous regions: 18->18
[2022-05-03T16:01:44.453+0800][gc,metaspace  ] GC(14) Metaspace: 81196K->81196K(1122304K)
[2022-05-03T16:01:44.453+0800][gc            ] GC(14) Pause Young (Normal) (G1 Evacuation Pause) 298M->56M(512M) 64.657ms
[2022-05-03T16:01:44.453+0800][gc,cpu        ] GC(14) User=0.04s Sys=0.03s Real=0.07s
[2022-05-03T16:20:49.652+0800][gc,start      ] GC(15) Pause Young (Normal) (G1 Evacuation Pause)
[2022-05-03T16:20:49.653+0800][gc,task       ] GC(15) Using 8 workers of 8 for evacuation
[2022-05-03T16:20:49.728+0800][gc,phases     ] GC(15)   Pre Evacuate Collection Set: 0.5ms
[2022-05-03T16:20:49.728+0800][gc,phases     ] GC(15)   Evacuate Collection Set: 71.6ms
[2022-05-03T16:20:49.728+0800][gc,phases     ] GC(15)   Post Evacuate Collection Set: 1.5ms
[2022-05-03T16:20:49.728+0800][gc,phases     ] GC(15)   Other: 2.7ms
[2022-05-03T16:20:49.728+0800][gc,heap       ] GC(15) Eden regions: 242->0(243)
[2022-05-03T16:20:49.728+0800][gc,heap       ] GC(15) Survivor regions: 14->13(32)
[2022-05-03T16:20:49.728+0800][gc,heap       ] GC(15) Old regions: 26->26
[2022-05-03T16:20:49.728+0800][gc,heap       ] GC(15) Humongous regions: 18->18
[2022-05-03T16:20:49.728+0800][gc,metaspace  ] GC(15) Metaspace: 81625K->81625K(1124352K)
[2022-05-03T16:20:49.728+0800][gc            ] GC(15) Pause Young (Normal) (G1 Evacuation Pause) 298M->56M(512M) 76.353ms
[2022-05-03T16:20:49.728+0800][gc,cpu        ] GC(15) User=0.17s Sys=0.09s Real=0.07s
[2022-05-03T16:40:40.306+0800][gc,start      ] GC(16) Pause Young (Normal) (G1 Evacuation Pause)
[2022-05-03T16:40:40.307+0800][gc,task       ] GC(16) Using 8 workers of 8 for evacuation
[2022-05-03T16:40:40.384+0800][gc,phases     ] GC(16)   Pre Evacuate Collection Set: 0.4ms
[2022-05-03T16:40:40.384+0800][gc,phases     ] GC(16)   Evacuate Collection Set: 74.7ms
[2022-05-03T16:40:40.384+0800][gc,phases     ] GC(16)   Post Evacuate Collection Set: 1.5ms
[2022-05-03T16:40:40.384+0800][gc,phases     ] GC(16)   Other: 1.8ms
[2022-05-03T16:40:40.384+0800][gc,heap       ] GC(16) Eden regions: 243->0(242)
[2022-05-03T16:40:40.384+0800][gc,heap       ] GC(16) Survivor regions: 13->14(32)
[2022-05-03T16:40:40.384+0800][gc,heap       ] GC(16) Old regions: 26->26
[2022-05-03T16:40:40.384+0800][gc,heap       ] GC(16) Humongous regions: 18->18
[2022-05-03T16:40:40.384+0800][gc,metaspace  ] GC(16) Metaspace: 81641K->81641K(1124352K)
[2022-05-03T16:40:40.384+0800][gc            ] GC(16) Pause Young (Normal) (G1 Evacuation Pause) 299M->56M(512M) 78.417ms
[2022-05-03T16:40:40.384+0800][gc,cpu        ] GC(16) User=0.12s Sys=0.11s Real=0.08s
[2022-05-03T17:00:26.121+0800][gc,start      ] GC(17) Pause Young (Normal) (G1 Evacuation Pause)
[2022-05-03T17:00:26.122+0800][gc,task       ] GC(17) Using 8 workers of 8 for evacuation
[2022-05-03T17:00:26.195+0800][gc,phases     ] GC(17)   Pre Evacuate Collection Set: 0.2ms
[2022-05-03T17:00:26.195+0800][gc,phases     ] GC(17)   Evacuate Collection Set: 71.0ms
[2022-05-03T17:00:26.195+0800][gc,phases     ] GC(17)   Post Evacuate Collection Set: 1.5ms
[2022-05-03T17:00:26.195+0800][gc,phases     ] GC(17)   Other: 1.2ms
[2022-05-03T17:00:26.195+0800][gc,heap       ] GC(17) Eden regions: 242->0(242)
[2022-05-03T17:00:26.195+0800][gc,heap       ] GC(17) Survivor regions: 14->14(32)
[2022-05-03T17:00:26.195+0800][gc,heap       ] GC(17) Old regions: 26->26
[2022-05-03T17:00:26.195+0800][gc,heap       ] GC(17) Humongous regions: 18->18
[2022-05-03T17:00:26.195+0800][gc,metaspace  ] GC(17) Metaspace: 81713K->81713K(1124352K)
[2022-05-03T17:00:26.195+0800][gc            ] GC(17) Pause Young (Normal) (G1 Evacuation Pause) 298M->56M(512M) 73.965ms
[2022-05-03T17:00:26.195+0800][gc,cpu        ] GC(17) User=0.10s Sys=0.09s Real=0.07s
[2022-05-03T17:19:57.308+0800][gc,start      ] GC(18) Pause Young (Normal) (G1 Evacuation Pause)
[2022-05-03T17:19:57.310+0800][gc,task       ] GC(18) Using 8 workers of 8 for evacuation
[2022-05-03T17:19:57.368+0800][gc,phases     ] GC(18)   Pre Evacuate Collection Set: 0.3ms
[2022-05-03T17:19:57.368+0800][gc,phases     ] GC(18)   Evacuate Collection Set: 56.3ms
[2022-05-03T17:19:57.368+0800][gc,phases     ] GC(18)   Post Evacuate Collection Set: 1.6ms
[2022-05-03T17:19:57.368+0800][gc,phases     ] GC(18)   Other: 1.9ms
[2022-05-03T17:19:57.368+0800][gc,heap       ] GC(18) Eden regions: 242->0(242)
[2022-05-03T17:19:57.369+0800][gc,heap       ] GC(18) Survivor regions: 14->14(32)
[2022-05-03T17:19:57.369+0800][gc,heap       ] GC(18) Old regions: 26->26
[2022-05-03T17:19:57.369+0800][gc,heap       ] GC(18) Humongous regions: 18->18
[2022-05-03T17:19:57.369+0800][gc,metaspace  ] GC(18) Metaspace: 81739K->81739K(1124352K)
[2022-05-03T17:19:57.369+0800][gc            ] GC(18) Pause Young (Normal) (G1 Evacuation Pause) 298M->56M(512M) 60.144ms
[2022-05-03T17:19:57.369+0800][gc,cpu        ] GC(18) User=0.13s Sys=0.12s Real=0.06s
[2022-05-03T17:39:36.509+0800][gc,start      ] GC(19) Pause Young (Normal) (G1 Evacuation Pause)
[2022-05-03T17:39:36.510+0800][gc,task       ] GC(19) Using 8 workers of 8 for evacuation
[2022-05-03T17:39:36.657+0800][gc,phases     ] GC(19)   Pre Evacuate Collection Set: 0.3ms
[2022-05-03T17:39:36.657+0800][gc,phases     ] GC(19)   Evacuate Collection Set: 139.8ms
[2022-05-03T17:39:36.657+0800][gc,phases     ] GC(19)   Post Evacuate Collection Set: 5.5ms
[2022-05-03T17:39:36.657+0800][gc,phases     ] GC(19)   Other: 2.1ms
[2022-05-03T17:39:36.657+0800][gc,heap       ] GC(19) Eden regions: 242->0(242)
[2022-05-03T17:39:36.657+0800][gc,heap       ] GC(19) Survivor regions: 14->14(32)
[2022-05-03T17:39:36.657+0800][gc,heap       ] GC(19) Old regions: 26->26
[2022-05-03T17:39:36.657+0800][gc,heap       ] GC(19) Humongous regions: 18->18
[2022-05-03T17:39:36.657+0800][gc,metaspace  ] GC(19) Metaspace: 81818K->81818K(1124352K)
[2022-05-03T17:39:36.657+0800][gc            ] GC(19) Pause Young (Normal) (G1 Evacuation Pause) 298M->56M(512M) 147.816ms
[2022-05-03T17:39:36.657+0800][gc,cpu        ] GC(19) User=0.16s Sys=0.13s Real=0.15s
[2022-05-03T17:59:18.758+0800][gc,start      ] GC(20) Pause Young (Normal) (G1 Evacuation Pause)
[2022-05-03T17:59:18.759+0800][gc,task       ] GC(20) Using 8 workers of 8 for evacuation
[2022-05-03T17:59:18.836+0800][gc,phases     ] GC(20)   Pre Evacuate Collection Set: 0.4ms
[2022-05-03T17:59:18.836+0800][gc,phases     ] GC(20)   Evacuate Collection Set: 74.2ms
[2022-05-03T17:59:18.836+0800][gc,phases     ] GC(20)   Post Evacuate Collection Set: 1.6ms
[2022-05-03T17:59:18.836+0800][gc,phases     ] GC(20)   Other: 1.9ms
[2022-05-03T17:59:18.836+0800][gc,heap       ] GC(20) Eden regions: 242->0(243)
[2022-05-03T17:59:18.836+0800][gc,heap       ] GC(20) Survivor regions: 14->13(32)
[2022-05-03T17:59:18.836+0800][gc,heap       ] GC(20) Old regions: 26->26
[2022-05-03T17:59:18.836+0800][gc,heap       ] GC(20) Humongous regions: 18->18
[2022-05-03T17:59:18.836+0800][gc,metaspace  ] GC(20) Metaspace: 81840K->81840K(1124352K)
[2022-05-03T17:59:18.836+0800][gc            ] GC(20) Pause Young (Normal) (G1 Evacuation Pause) 298M->56M(512M) 78.223ms
[2022-05-03T17:59:18.836+0800][gc,cpu        ] GC(20) User=0.13s Sys=0.15s Real=0.08s
[2022-05-03T18:19:10.495+0800][gc,start      ] GC(21) Pause Young (Normal) (G1 Evacuation Pause)
[2022-05-03T18:19:10.496+0800][gc,task       ] GC(21) Using 8 workers of 8 for evacuation
[2022-05-03T18:19:10.585+0800][gc,phases     ] GC(21)   Pre Evacuate Collection Set: 0.4ms
[2022-05-03T18:19:10.585+0800][gc,phases     ] GC(21)   Evacuate Collection Set: 85.6ms
[2022-05-03T18:19:10.585+0800][gc,phases     ] GC(21)   Post Evacuate Collection Set: 1.9ms
[2022-05-03T18:19:10.585+0800][gc,phases     ] GC(21)   Other: 2.1ms
[2022-05-03T18:19:10.585+0800][gc,heap       ] GC(21) Eden regions: 243->0(243)
[2022-05-03T18:19:10.585+0800][gc,heap       ] GC(21) Survivor regions: 13->13(32)
[2022-05-03T18:19:10.585+0800][gc,heap       ] GC(21) Old regions: 26->26
[2022-05-03T18:19:10.585+0800][gc,heap       ] GC(21) Humongous regions: 18->18
[2022-05-03T18:19:10.585+0800][gc,metaspace  ] GC(21) Metaspace: 81845K->81845K(1124352K)
[2022-05-03T18:19:10.585+0800][gc            ] GC(21) Pause Young (Normal) (G1 Evacuation Pause) 299M->56M(512M) 89.958ms
[2022-05-03T18:19:10.585+0800][gc,cpu        ] GC(21) User=0.12s Sys=0.12s Real=0.09s
[2022-05-03T18:38:59.310+0800][gc,start      ] GC(22) Pause Young (Normal) (G1 Evacuation Pause)
[2022-05-03T18:38:59.311+0800][gc,task       ] GC(22) Using 8 workers of 8 for evacuation
[2022-05-03T18:38:59.383+0800][gc,phases     ] GC(22)   Pre Evacuate Collection Set: 0.6ms
[2022-05-03T18:38:59.383+0800][gc,phases     ] GC(22)   Evacuate Collection Set: 69.2ms
[2022-05-03T18:38:59.383+0800][gc,phases     ] GC(22)   Post Evacuate Collection Set: 1.5ms
[2022-05-03T18:38:59.383+0800][gc,phases     ] GC(22)   Other: 2.3ms
[2022-05-03T18:38:59.384+0800][gc,heap       ] GC(22) Eden regions: 243->0(243)
[2022-05-03T18:38:59.384+0800][gc,heap       ] GC(22) Survivor regions: 13->13(32)
[2022-05-03T18:38:59.384+0800][gc,heap       ] GC(22) Old regions: 26->26
[2022-05-03T18:38:59.384+0800][gc,heap       ] GC(22) Humongous regions: 18->18
[2022-05-03T18:38:59.384+0800][gc,metaspace  ] GC(22) Metaspace: 81918K->81918K(1124352K)
[2022-05-03T18:38:59.384+0800][gc            ] GC(22) Pause Young (Normal) (G1 Evacuation Pause) 299M->56M(512M) 73.629ms
[2022-05-03T18:38:59.384+0800][gc,cpu        ] GC(22) User=0.12s Sys=0.14s Real=0.07s
[2022-05-03T19:00:37.156+0800][gc,start      ] GC(23) Pause Young (Normal) (G1 Evacuation Pause)
[2022-05-03T19:00:37.157+0800][gc,task       ] GC(23) Using 8 workers of 8 for evacuation
[2022-05-03T19:00:37.224+0800][gc,phases     ] GC(23)   Pre Evacuate Collection Set: 0.3ms
[2022-05-03T19:00:37.224+0800][gc,phases     ] GC(23)   Evacuate Collection Set: 63.6ms
[2022-05-03T19:00:37.224+0800][gc,phases     ] GC(23)   Post Evacuate Collection Set: 2.1ms
[2022-05-03T19:00:37.224+0800][gc,phases     ] GC(23)   Other: 1.9ms
[2022-05-03T19:00:37.224+0800][gc,heap       ] GC(23) Eden regions: 243->0(242)
[2022-05-03T19:00:37.224+0800][gc,heap       ] GC(23) Survivor regions: 13->14(32)
[2022-05-03T19:00:37.224+0800][gc,heap       ] GC(23) Old regions: 26->26
[2022-05-03T19:00:37.224+0800][gc,heap       ] GC(23) Humongous regions: 18->18
[2022-05-03T19:00:37.224+0800][gc,metaspace  ] GC(23) Metaspace: 81931K->81931K(1124352K)
[2022-05-03T19:00:37.224+0800][gc            ] GC(23) Pause Young (Normal) (G1 Evacuation Pause) 299M->56M(512M) 67.970ms
[2022-05-03T19:00:37.224+0800][gc,cpu        ] GC(23) User=0.12s Sys=0.10s Real=0.07s
[2022-05-03T19:20:56.385+0800][gc,start      ] GC(24) Pause Young (Normal) (G1 Evacuation Pause)
[2022-05-03T19:20:56.386+0800][gc,task       ] GC(24) Using 8 workers of 8 for evacuation
[2022-05-03T19:20:56.471+0800][gc,phases     ] GC(24)   Pre Evacuate Collection Set: 1.1ms
[2022-05-03T19:20:56.471+0800][gc,phases     ] GC(24)   Evacuate Collection Set: 80.9ms
[2022-05-03T19:20:56.471+0800][gc,phases     ] GC(24)   Post Evacuate Collection Set: 1.3ms
[2022-05-03T19:20:56.471+0800][gc,phases     ] GC(24)   Other: 3.0ms
[2022-05-03T19:20:56.471+0800][gc,heap       ] GC(24) Eden regions: 242->0(250)
[2022-05-03T19:20:56.471+0800][gc,heap       ] GC(24) Survivor regions: 14->6(32)
[2022-05-03T19:20:56.471+0800][gc,heap       ] GC(24) Old regions: 26->33
[2022-05-03T19:20:56.471+0800][gc,heap       ] GC(24) Humongous regions: 18->18
[2022-05-03T19:20:56.471+0800][gc,metaspace  ] GC(24) Metaspace: 81938K->81938K(1124352K)
[2022-05-03T19:20:56.471+0800][gc            ] GC(24) Pause Young (Normal) (G1 Evacuation Pause) 298M->56M(512M) 86.384ms
[2022-05-03T19:20:56.471+0800][gc,cpu        ] GC(24) User=0.14s Sys=0.10s Real=0.09s
[2022-05-03T19:41:26.619+0800][gc,start      ] GC(25) Pause Young (Normal) (G1 Evacuation Pause)
[2022-05-03T19:41:26.620+0800][gc,task       ] GC(25) Using 8 workers of 8 for evacuation
[2022-05-03T19:41:26.701+0800][gc,phases     ] GC(25)   Pre Evacuate Collection Set: 0.6ms
[2022-05-03T19:41:26.701+0800][gc,phases     ] GC(25)   Evacuate Collection Set: 78.0ms
[2022-05-03T19:41:26.701+0800][gc,phases     ] GC(25)   Post Evacuate Collection Set: 1.4ms
[2022-05-03T19:41:26.701+0800][gc,phases     ] GC(25)   Other: 1.5ms
[2022-05-03T19:41:26.701+0800][gc,heap       ] GC(25) Eden regions: 250->0(254)
[2022-05-03T19:41:26.701+0800][gc,heap       ] GC(25) Survivor regions: 6->2(32)
[2022-05-03T19:41:26.701+0800][gc,heap       ] GC(25) Old regions: 33->37
[2022-05-03T19:41:26.701+0800][gc,heap       ] GC(25) Humongous regions: 18->18
[2022-05-03T19:41:26.701+0800][gc,metaspace  ] GC(25) Metaspace: 81940K->81940K(1124352K)
[2022-05-03T19:41:26.701+0800][gc            ] GC(25) Pause Young (Normal) (G1 Evacuation Pause) 306M->56M(512M) 81.554ms
[2022-05-03T19:41:26.701+0800][gc,cpu        ] GC(25) User=0.14s Sys=0.10s Real=0.09s
[2022-05-03T20:02:10.400+0800][gc,start      ] GC(26) Pause Young (Normal) (G1 Evacuation Pause)
[2022-05-03T20:02:10.401+0800][gc,task       ] GC(26) Using 8 workers of 8 for evacuation
[2022-05-03T20:02:10.434+0800][gc,phases     ] GC(26)   Pre Evacuate Collection Set: 0.2ms
[2022-05-03T20:02:10.434+0800][gc,phases     ] GC(26)   Evacuate Collection Set: 30.4ms
[2022-05-03T20:02:10.434+0800][gc,phases     ] GC(26)   Post Evacuate Collection Set: 1.3ms
[2022-05-03T20:02:10.434+0800][gc,phases     ] GC(26)   Other: 1.9ms
[2022-05-03T20:02:10.434+0800][gc,heap       ] GC(26) Eden regions: 254->0(254)
[2022-05-03T20:02:10.434+0800][gc,heap       ] GC(26) Survivor regions: 2->2(32)
[2022-05-03T20:02:10.434+0800][gc,heap       ] GC(26) Old regions: 37->38
[2022-05-03T20:02:10.434+0800][gc,heap       ] GC(26) Humongous regions: 18->18
[2022-05-03T20:02:10.434+0800][gc,metaspace  ] GC(26) Metaspace: 81953K->81953K(1124352K)
[2022-05-03T20:02:10.434+0800][gc            ] GC(26) Pause Young (Normal) (G1 Evacuation Pause) 310M->56M(512M) 33.803ms
[2022-05-03T20:02:10.434+0800][gc,cpu        ] GC(26) User=0.04s Sys=0.04s Real=0.03s
[2022-05-03T20:23:19.467+0800][gc,start      ] GC(27) Pause Young (Normal) (G1 Evacuation Pause)
[2022-05-03T20:23:19.468+0800][gc,task       ] GC(27) Using 8 workers of 8 for evacuation
[2022-05-03T20:23:19.484+0800][gc,phases     ] GC(27)   Pre Evacuate Collection Set: 0.4ms
[2022-05-03T20:23:19.484+0800][gc,phases     ] GC(27)   Evacuate Collection Set: 13.7ms
[2022-05-03T20:23:19.484+0800][gc,phases     ] GC(27)   Post Evacuate Collection Set: 1.4ms
[2022-05-03T20:23:19.484+0800][gc,phases     ] GC(27)   Other: 1.8ms
[2022-05-03T20:23:19.484+0800][gc,heap       ] GC(27) Eden regions: 254->0(254)
[2022-05-03T20:23:19.484+0800][gc,heap       ] GC(27) Survivor regions: 2->2(32)
[2022-05-03T20:23:19.484+0800][gc,heap       ] GC(27) Old regions: 38->38
[2022-05-03T20:23:19.484+0800][gc,heap       ] GC(27) Humongous regions: 18->18
[2022-05-03T20:23:19.484+0800][gc,metaspace  ] GC(27) Metaspace: 82038K->82038K(1124352K)
[2022-05-03T20:23:19.484+0800][gc            ] GC(27) Pause Young (Normal) (G1 Evacuation Pause) 310M->57M(512M) 17.424ms
[2022-05-03T20:23:19.485+0800][gc,cpu        ] GC(27) User=0.04s Sys=0.03s Real=0.02s
[2022-05-03T20:50:39.251+0800][gc,start      ] GC(28) Pause Young (Normal) (G1 Evacuation Pause)
[2022-05-03T20:50:39.252+0800][gc,task       ] GC(28) Using 8 workers of 8 for evacuation
[2022-05-03T20:50:39.273+0800][gc,phases     ] GC(28)   Pre Evacuate Collection Set: 0.4ms
[2022-05-03T20:50:39.274+0800][gc,phases     ] GC(28)   Evacuate Collection Set: 17.5ms
[2022-05-03T20:50:39.274+0800][gc,phases     ] GC(28)   Post Evacuate Collection Set: 2.3ms
[2022-05-03T20:50:39.274+0800][gc,phases     ] GC(28)   Other: 2.3ms
[2022-05-03T20:50:39.274+0800][gc,heap       ] GC(28) Eden regions: 254->0(254)
[2022-05-03T20:50:39.274+0800][gc,heap       ] GC(28) Survivor regions: 2->2(32)
[2022-05-03T20:50:39.274+0800][gc,heap       ] GC(28) Old regions: 38->38
[2022-05-03T20:50:39.274+0800][gc,heap       ] GC(28) Humongous regions: 18->18
[2022-05-03T20:50:39.274+0800][gc,metaspace  ] GC(28) Metaspace: 82065K->82065K(1124352K)
[2022-05-03T20:50:39.274+0800][gc            ] GC(28) Pause Young (Normal) (G1 Evacuation Pause) 311M->57M(512M) 22.777ms
[2022-05-03T20:50:39.274+0800][gc,cpu        ] GC(28) User=0.03s Sys=0.03s Real=0.02s
